Archive member included to satisfy reference by file (symbol)

c:/st/stm32cubeide_1.9.0/stm32cubeide/plugins/com.st.stm32cube.ide.mcu.externaltools.gnu-tools-for-stm32.10.3-2021.10.win32_1.0.0.202111181127/tools/bin/../lib/gcc/arm-none-eabi/10.3.1/../../../../arm-none-eabi/lib/thumb/v7-m/nofp\libc_nano.a(lib_a-errno.o)
                              ./Core/Src/syscalls.o (__errno)
c:/st/stm32cubeide_1.9.0/stm32cubeide/plugins/com.st.stm32cube.ide.mcu.externaltools.gnu-tools-for-stm32.10.3-2021.10.win32_1.0.0.202111181127/tools/bin/../lib/gcc/arm-none-eabi/10.3.1/../../../../arm-none-eabi/lib/thumb/v7-m/nofp\libc_nano.a(lib_a-exit.o)
                              c:/st/stm32cubeide_1.9.0/stm32cubeide/plugins/com.st.stm32cube.ide.mcu.externaltools.gnu-tools-for-stm32.10.3-2021.10.win32_1.0.0.202111181127/tools/bin/../lib/gcc/arm-none-eabi/10.3.1/../../../../arm-none-eabi/lib/thumb/v7-m/nofp/crt0.o (exit)
c:/st/stm32cubeide_1.9.0/stm32cubeide/plugins/com.st.stm32cube.ide.mcu.externaltools.gnu-tools-for-stm32.10.3-2021.10.win32_1.0.0.202111181127/tools/bin/../lib/gcc/arm-none-eabi/10.3.1/../../../../arm-none-eabi/lib/thumb/v7-m/nofp\libc_nano.a(lib_a-impure.o)
                              c:/st/stm32cubeide_1.9.0/stm32cubeide/plugins/com.st.stm32cube.ide.mcu.externaltools.gnu-tools-for-stm32.10.3-2021.10.win32_1.0.0.202111181127/tools/bin/../lib/gcc/arm-none-eabi/10.3.1/../../../../arm-none-eabi/lib/thumb/v7-m/nofp\libc_nano.a(lib_a-exit.o) (_global_impure_ptr)
c:/st/stm32cubeide_1.9.0/stm32cubeide/plugins/com.st.stm32cube.ide.mcu.externaltools.gnu-tools-for-stm32.10.3-2021.10.win32_1.0.0.202111181127/tools/bin/../lib/gcc/arm-none-eabi/10.3.1/../../../../arm-none-eabi/lib/thumb/v7-m/nofp\libc_nano.a(lib_a-init.o)
                              c:/st/stm32cubeide_1.9.0/stm32cubeide/plugins/com.st.stm32cube.ide.mcu.externaltools.gnu-tools-for-stm32.10.3-2021.10.win32_1.0.0.202111181127/tools/bin/../lib/gcc/arm-none-eabi/10.3.1/../../../../arm-none-eabi/lib/thumb/v7-m/nofp/crt0.o (__libc_init_array)
c:/st/stm32cubeide_1.9.0/stm32cubeide/plugins/com.st.stm32cube.ide.mcu.externaltools.gnu-tools-for-stm32.10.3-2021.10.win32_1.0.0.202111181127/tools/bin/../lib/gcc/arm-none-eabi/10.3.1/../../../../arm-none-eabi/lib/thumb/v7-m/nofp\libc_nano.a(lib_a-malloc.o)
                              ./Core/Src/esp8266.o (malloc)
c:/st/stm32cubeide_1.9.0/stm32cubeide/plugins/com.st.stm32cube.ide.mcu.externaltools.gnu-tools-for-stm32.10.3-2021.10.win32_1.0.0.202111181127/tools/bin/../lib/gcc/arm-none-eabi/10.3.1/../../../../arm-none-eabi/lib/thumb/v7-m/nofp\libc_nano.a(lib_a-memcmp.o)
                              ./Core/Src/MQTTConnectServer.o (memcmp)
c:/st/stm32cubeide_1.9.0/stm32cubeide/plugins/com.st.stm32cube.ide.mcu.externaltools.gnu-tools-for-stm32.10.3-2021.10.win32_1.0.0.202111181127/tools/bin/../lib/gcc/arm-none-eabi/10.3.1/../../../../arm-none-eabi/lib/thumb/v7-m/nofp\libc_nano.a(lib_a-memcpy-stub.o)
                              ./Core/Src/MQTTPacket.o (memcpy)
c:/st/stm32cubeide_1.9.0/stm32cubeide/plugins/com.st.stm32cube.ide.mcu.externaltools.gnu-tools-for-stm32.10.3-2021.10.win32_1.0.0.202111181127/tools/bin/../lib/gcc/arm-none-eabi/10.3.1/../../../../arm-none-eabi/lib/thumb/v7-m/nofp\libc_nano.a(lib_a-memset.o)
                              c:/st/stm32cubeide_1.9.0/stm32cubeide/plugins/com.st.stm32cube.ide.mcu.externaltools.gnu-tools-for-stm32.10.3-2021.10.win32_1.0.0.202111181127/tools/bin/../lib/gcc/arm-none-eabi/10.3.1/../../../../arm-none-eabi/lib/thumb/v7-m/nofp/crt0.o (memset)
c:/st/stm32cubeide_1.9.0/stm32cubeide/plugins/com.st.stm32cube.ide.mcu.externaltools.gnu-tools-for-stm32.10.3-2021.10.win32_1.0.0.202111181127/tools/bin/../lib/gcc/arm-none-eabi/10.3.1/../../../../arm-none-eabi/lib/thumb/v7-m/nofp\libc_nano.a(lib_a-nano-freer.o)
                              c:/st/stm32cubeide_1.9.0/stm32cubeide/plugins/com.st.stm32cube.ide.mcu.externaltools.gnu-tools-for-stm32.10.3-2021.10.win32_1.0.0.202111181127/tools/bin/../lib/gcc/arm-none-eabi/10.3.1/../../../../arm-none-eabi/lib/thumb/v7-m/nofp\libc_nano.a(lib_a-malloc.o) (_free_r)
c:/st/stm32cubeide_1.9.0/stm32cubeide/plugins/com.st.stm32cube.ide.mcu.externaltools.gnu-tools-for-stm32.10.3-2021.10.win32_1.0.0.202111181127/tools/bin/../lib/gcc/arm-none-eabi/10.3.1/../../../../arm-none-eabi/lib/thumb/v7-m/nofp\libc_nano.a(lib_a-nano-mallocr.o)
                              c:/st/stm32cubeide_1.9.0/stm32cubeide/plugins/com.st.stm32cube.ide.mcu.externaltools.gnu-tools-for-stm32.10.3-2021.10.win32_1.0.0.202111181127/tools/bin/../lib/gcc/arm-none-eabi/10.3.1/../../../../arm-none-eabi/lib/thumb/v7-m/nofp\libc_nano.a(lib_a-malloc.o) (_malloc_r)
c:/st/stm32cubeide_1.9.0/stm32cubeide/plugins/com.st.stm32cube.ide.mcu.externaltools.gnu-tools-for-stm32.10.3-2021.10.win32_1.0.0.202111181127/tools/bin/../lib/gcc/arm-none-eabi/10.3.1/../../../../arm-none-eabi/lib/thumb/v7-m/nofp\libc_nano.a(lib_a-sbrkr.o)
[...]
Memory Configuration

Name             Origin             Length             Attributes
RAM              0x0000000020000000 0x0000000000005000 xrw
FLASH            0x0000000008000000 0x0000000000020000 xr
*default*        0x0000000000000000 0xffffffffffffffff

Linker script and memory map

LOAD c:/st/stm32cubeide_1.9.0/stm32cubeide/plugins/com.st.stm32cube.ide.mcu.externaltools.gnu-tools-for-stm32.10.3-2021.10.win32_1.0.0.202111181127/tools/bin/../lib/gcc/arm-none-eabi/10.3.1/thumb/v7-m/nofp/crti.o
LOAD c:/st/stm32cubeide_1.9.0/stm32cubeide/plugins/com.st.stm32cube.ide.mcu.externaltools.gnu-tools-for-stm32.10.3-2021.10.win32_1.0.0.202111181127/tools/bin/../lib/gcc/arm-none-eabi/10.3.1/thumb/v7-m/nofp/crtbegin.o
LOAD c:/st/stm32cubeide_1.9.0/stm32cubeide/plugins/com.st.stm32cube.ide.mcu.externaltools.gnu-tools-for-stm32.10.3-2021.10.win32_1.0.0.202111181127/tools/bin/../lib/gcc/arm-none-eabi/10.3.1/../../../../arm-none-eabi/lib/thumb/v7-m/nofp/crt0.o
LOAD ./Core/Src/MQTTConnectClient.o
LOAD ./Core/Src/MQTTConnectServer.o
LOAD ./Core/Src/MQTTDeserializePublish.o
LOAD ./Core/Src/MQTTFormat.o
LOAD ./Core/Src/MQTTPacket.o
LOAD ./Core/Src/MQTTSerializePublish.o
LOAD ./Core/Src/MQTTSubscribeClient.o
LOAD ./Core/Src/MQTTSubscribeServer.o
LOAD ./Core/Src/MQTTUnsubscribeClient.o
LOAD ./Core/Src/MQTTUnsubscribeServer.o
LOAD ./Core/Src/dma.o
LOAD ./Core/Src/esp8266.o
LOAD ./Core/Src/gpio.o
LOAD ./Core/Src/led.o
LOAD ./Core/Src/main.o
LOAD ./Core/Src/mqttclient.o
LOAD ./Core/Src/stm32f1xx_hal_msp.o
LOAD ./Core/Src/stm32f1xx_it.o
LOAD ./Core/Src/syscalls.o
LOAD ./Core/Src/sysmem.o
LOAD ./Core/Src/system_stm32f1xx.o
LOAD ./Core/Src/tim.o
LOAD ./Core/Src/usart.o
LOAD ./Core/Startup/startup_stm32f103rbtx.o
LOAD ./Drivers/STM32F1xx_HAL_Driver/Src/stm32f1xx_hal.o
LOAD ./Drivers/STM32F1xx_HAL_Driver/Src/stm32f1xx_hal_cortex.o
LOAD ./Drivers/STM32F1xx_HAL_Driver/Src/stm32f1xx_hal_dma.o
LOAD ./Drivers/STM32F1xx_HAL_Driver/Src/stm32f1xx_hal_exti.o
LOAD ./Drivers/STM32F1xx_HAL_Driver/Src/stm32f1xx_hal_flash.o
LOAD ./Drivers/STM32F1xx_HAL_Driver/Src/stm32f1xx_hal_flash_ex.o
LOAD ./Drivers/STM32F1xx_HAL_Driver/Src/stm32f1xx_hal_gpio.o
LOAD ./Drivers/STM32F1xx_HAL_Driver/Src/stm32f1xx_hal_gpio_ex.o
LOAD ./Drivers/STM32F1xx_HAL_Driver/Src/stm32f1xx_hal_pwr.o
LOAD ./Drivers/STM32F1xx_HAL_Driver/Src/stm32f1xx_hal_rcc.o
LOAD ./Drivers/STM32F1xx_HAL_Driver/Src/stm32f1xx_hal_rcc_ex.o
LOAD ./Drivers/STM32F1xx_HAL_Driver/Src/stm32f1xx_hal_tim.o
LOAD ./Drivers/STM32F1xx_HAL_Driver/Src/stm32f1xx_hal_tim_ex.o
LOAD ./Drivers/STM32F1xx_HAL_Driver/Src/stm32f1xx_hal_uart.o
START GROUP
LOAD c:/st/stm32cubeide_1.9.0/stm32cubeide/plugins/com.st.stm32cube.ide.mcu.externaltools.gnu-tools-for-stm32.10.3-2021.10.win32_1.0.0.202111181127/tools/bin/../lib/gcc/arm-none-eabi/10.3.1/../../../../arm-none-eabi/lib/thumb/v7-m/nofp\libc_nano.a
LOAD c:/st/stm32cubeide_1.9.0/stm32cubeide/plugins/com.st.stm32cube.ide.mcu.externaltools.gnu-tools-for-stm32.10.3-2021.10.win32_1.0.0.202111181127/tools/bin/../lib/gcc/arm-none-eabi/10.3.1/../../../../arm-none-eabi/lib/thumb/v7-m/nofp\libm.a
END GROUP
START GROUP
LOAD c:/st/stm32cubeide_1.9.0/stm32cubeide/plugins/com.st.stm32cube.ide.mcu.externaltools.gnu-tools-for-stm32.10.3-2021.10.win32_1.0.0.202111181127/tools/bin/../lib/gcc/arm-none-eabi/10.3.1/thumb/v7-m/nofp\libgcc.a
LOAD c:/st/stm32cubeide_1.9.0/stm32cubeide/plugins/com.st.stm32cube.ide.mcu.externaltools.gnu-tools-for-stm32.10.3-2021.10.win32_1.0.0.202111181127/tools/bin/../lib/gcc/arm-none-eabi/10.3.1/../../../../arm-none-eabi/lib/thumb/v7-m/nofp\libc_nano.a
END GROUP
START GROUP
LOAD c:/st/stm32cubeide_1.9.0/stm32cubeide/plugins/com.st.stm32cube.ide.mcu.externaltools.gnu-tools-for-stm32.10.3-2021.10.win32_1.0.0.202111181127/tools/bin/../lib/gcc/arm-none-eabi/10.3.1/thumb/v7-m/nofp\libgcc.a
LOAD c:/st/stm32cubeide_1.9.0/stm32cubeide/plugins/com.st.stm32cube.ide.mcu.externaltools.gnu-tools-for-stm32.10.3-2021.10.win32_1.0.0.202111181127/tools/bin/../lib/gcc/arm-none-eabi/10.3.1/../../../../arm-none-eabi/lib/thumb/v7-m/nofp\libc_nano.a
LOAD c:/st/stm32cubeide_1.9.0/stm32cubeide/plugins/com.st.stm32cube.ide.mcu.externaltools.gnu-tools-for-stm32.10.3-2021.10.win32_1.0.0.202111181127/tools/bin/../lib/gcc/arm-none-eabi/10.3.1/../../../../arm-none-eabi/lib/thumb/v7-m/nofp\libnosys.a
END GROUP
START GROUP
LOAD c:/st/stm32cubeide_1.9.0/stm32cubeide/plugins/com.st.stm32cube.ide.mcu.externaltools.gnu-tools-for-stm32.10.3-2021.10.win32_1.0.0.202111181127/tools/bin/../lib/gcc/arm-none-eabi/10.3.1/thumb/v7-m/nofp\libgcc.a
LOAD c:/st/stm32cubeide_1.9.0/stm32cubeide/plugins/com.st.stm32cube.ide.mcu.externaltools.gnu-tools-for-stm32.10.3-2021.10.win32_1.0.0.202111181127/tools/bin/../lib/gcc/arm-none-eabi/10.3.1/../../../../arm-none-eabi/lib/thumb/v7-m/nofp\libc_nano.a
LOAD c:/st/stm32cubeide_1.9.0/stm32cubeide/plugins/com.st.stm32cube.ide.mcu.externaltools.gnu-tools-for-stm32.10.3-2021.10.win32_1.0.0.202111181127/tools/bin/../lib/gcc/arm-none-eabi/10.3.1/../../../../arm-none-eabi/lib/thumb/v7-m/nofp\libnosys.a
END GROUP
LOAD c:/st/stm32cubeide_1.9.0/stm32cubeide/plugins/com.st.stm32cube.ide.mcu.externaltools.gnu-tools-for-stm32.10.3-2021.10.win32_1.0.0.202111181127/tools/bin/../lib/gcc/arm-none-eabi/10.3.1/thumb/v7-m/nofp/crtend.o
LOAD c:/st/stm32cubeide_1.9.0/stm32cubeide/plugins/com.st.stm32cube.ide.mcu.externaltools.gnu-tools-for-stm32.10.3-2021.10.win32_1.0.0.202111181127/tools/bin/../lib/gcc/arm-none-eabi/10.3.1/thumb/v7-m/nofp/crtn.o
                0x0000000020005000                _estack = (ORIGIN (RAM) + LENGTH (RAM))
                0x0000000000000400                _Min_Heap_Size = 0x400
                0x0000000000000800                _Min_Stack_Size = 0x800

.isr_vector     0x0000000008000000      0x10c
                0x0000000008000000                . = ALIGN (0x4)
 *(.isr_vector)
 .isr_vector    0x0000000008000000      0x10c ./Core/Startup/startup_stm32f103rbtx.o
                0x0000000008000000                g_pfnVectors
                0x000000000800010c                . = ALIGN (0x4)

.text           0x000000000800010c     0x4c80
                0x000000000800010c                . = ALIGN (0x4)
 *(.text)
 .text          0x000000000800010c       0x40 c:/st/stm32cubeide_1.9.0/stm32cubeide/plugins/com.st.stm32cube.ide.mcu.externaltools.gnu-tools-for-stm32.10.3-2021.10.win32_1.0.0.202111181127/tools/bin/../lib/gcc/arm-none-eabi/10.3.1/thumb/v7-m/nofp/crtbegin.o
 .text          0x000000000800014c       0x10 c:/st/stm32cubeide_1.9.0/stm32cubeide/plugins/com.st.stm32cube.ide.mcu.externaltools.gnu-tools-for-stm32.10.3-2021.10.win32_1.0.0.202111181127/tools/bin/../lib/gcc/arm-none-eabi/10.3.1/../../../../arm-none-eabi/lib/thumb/v7-m/nofp\libc_nano.a(lib_a-strlen.o)
                0x000000000800014c                strlen
 *(.text*)
 .text.MQTTSerialize_connectLength
                0x000000000800015c       0xc2 ./Core/Src/MQTTConnectClient.o
                0x000000000800015c                MQTTSerialize_connectLength
 *fill*         0x000000000800021e        0x2 
 .text.MQTTSerialize_connect
                0x0000000008000220      0x1d8 ./Core/Src/MQTTConnectClient.o
                0x0000000008000220                MQTTSerialize_connect
 .text.MQTTDeserialize_connack
                0x00000000080003f8       0xaa ./Core/Src/MQTTConnectClient.o
                0x00000000080003f8                MQTTDeserialize_connack
 .text.MQTTSerialize_zero
                0x00000000080004a2       0x70 ./Core/Src/MQTTConnectClient.o
                0x00000000080004a2                MQTTSerialize_zero
 .text.MQTTSerialize_disconnect
                0x0000000008000512       0x1e ./Core/Src/MQTTConnectClient.o
                0x0000000008000512                MQTTSerialize_disconnect
 .text.MQTTPacket_encode
                0x0000000008000530       0x5c ./Core/Src/MQTTPacket.o
                0x0000000008000530                MQTTPacket_encode
 .text.MQTTPacket_decode
                0x000000000800058c       0x78 ./Core/Src/MQTTPacket.o
                0x000000000800058c                MQTTPacket_decode
 .text.MQTTPacket_len
                0x0000000008000604       0x54 ./Core/Src/MQTTPacket.o
                0x0000000008000604                MQTTPacket_len
 .text.bufchar  0x0000000008000658       0x40 ./Core/Src/MQTTPacket.o
                0x0000000008000658                bufchar
 .text.MQTTPacket_decodeBuf
                0x0000000008000698       0x2c ./Core/Src/MQTTPacket.o
                0x0000000008000698                MQTTPacket_decodeBuf
 .text.readChar
                0x00000000080006c4       0x26 ./Core/Src/MQTTPacket.o
                0x00000000080006c4                readChar
 .text.writeChar
                0x00000000080006ea       0x28 ./Core/Src/MQTTPacket.o
                0x00000000080006ea                writeChar
 .text.writeInt
                0x0000000008000712       0x50 ./Core/Src/MQTTPacket.o
                0x0000000008000712                writeInt
 .text.writeCString
                0x0000000008000762       0x3e ./Core/Src/MQTTPacket.o
                0x0000000008000762                writeCString
 .text.writeMQTTString
                0x00000000080007a0       0x5c ./Core/Src/MQTTPacket.o
                0x00000000080007a0                writeMQTTString
 .text.MQTTstrlen
                0x00000000080007fc       0x32 ./Core/Src/MQTTPacket.o
                0x00000000080007fc                MQTTstrlen
 .text.MQTTPacket_read
                0x000000000800082e       0xa0 ./Core/Src/MQTTPacket.o
                0x000000000800082e                MQTTPacket_read
 *fill*         0x00000000080008ce        0x2 
 .text.MX_DMA_Init
                0x00000000080008d0       0x3c ./Core/Src/dma.o
                0x00000000080008d0                MX_DMA_Init
 .text.esp8266_CheckRespond
                0x000000000800090c       0x58 ./Core/Src/esp8266.o
                0x000000000800090c                esp8266_CheckRespond
 .text.esp8266_TransmitCmd
                0x0000000008000964      0x100 ./Core/Src/esp8266.o
                0x0000000008000964                esp8266_TransmitCmd
 .text.esp8266_HardwareReset
                0x0000000008000a64       0xb0 ./Core/Src/esp8266.o
                0x0000000008000a64                esp8266_HardwareReset
 .text.esp8266_ConnectAP
                0x0000000008000b14       0x74 ./Core/Src/esp8266.o
                0x0000000008000b14                esp8266_ConnectAP
 .text.esp8266_ConnectServer
                0x0000000008000b88       0x74 ./Core/Src/esp8266.o
                0x0000000008000b88                esp8266_ConnectServer
 .text.esp8266_SetUpTCPConnection
                0x0000000008000bfc      0x5a4 ./Core/Src/esp8266.o
                0x0000000008000bfc                esp8266_SetUpTCPConnection
 .text.MX_GPIO_Init
                0x00000000080011a0       0xdc ./Core/Src/gpio.o
                0x00000000080011a0                MX_GPIO_Init
 .text.LED_On   0x000000000800127c       0x24 ./Core/Src/led.o
                0x000000000800127c                LED_On
 .text.LED_Off  0x00000000080012a0       0x24 ./Core/Src/led.o
                0x00000000080012a0                LED_Off
 .text.LED_Blink
                0x00000000080012c4       0x5c ./Core/Src/led.o
                0x00000000080012c4                LED_Blink
 .text.main     0x0000000008001320       0x90 ./Core/Src/main.o
                0x0000000008001320                main
 .text.SystemClock_Config
                0x00000000080013b0       0x8a ./Core/Src/main.o
                0x00000000080013b0                SystemClock_Config
 .text.Error_Handler
                0x000000000800143a        0xa ./Core/Src/main.o
                0x000000000800143a                Error_Handler
 .text.mqtt_transport_sendPacketBuffer
                0x0000000008001444       0x40 ./Core/Src/mqttclient.o
                0x0000000008001444                mqtt_transport_sendPacketBuffer
 .text.mqtt_transport_getdata
                0x0000000008001484       0x50 ./Core/Src/mqttclient.o
                0x0000000008001484                mqtt_transport_getdata
 .text.mqtt_ConnectServer
                0x00000000080014d4      0x134 ./Core/Src/mqttclient.o
                0x00000000080014d4                mqtt_ConnectServer
 .text.HAL_MspInit
                0x0000000008001608       0x64 ./Core/Src/stm32f1xx_hal_msp.o
                0x0000000008001608                HAL_MspInit
 .text.NMI_Handler
                0x000000000800166c        0x6 ./Core/Src/stm32f1xx_it.o
                0x000000000800166c                NMI_Handler
 .text.HardFault_Handler
                0x0000000008001672        0x6 ./Core/Src/stm32f1xx_it.o
                0x0000000008001672                HardFault_Handler
 .text.MemManage_Handler
                0x0000000008001678        0x6 ./Core/Src/stm32f1xx_it.o
                0x0000000008001678                MemManage_Handler
 .text.BusFault_Handler
                0x000000000800167e        0x6 ./Core/Src/stm32f1xx_it.o
                0x000000000800167e                BusFault_Handler
 .text.UsageFault_Handler
                0x0000000008001684        0x6 ./Core/Src/stm32f1xx_it.o
                0x0000000008001684                UsageFault_Handler
 .text.SVC_Handler
                0x000000000800168a        0xc ./Core/Src/stm32f1xx_it.o
                0x000000000800168a                SVC_Handler
 .text.DebugMon_Handler
                0x0000000008001696        0xc ./Core/Src/stm32f1xx_it.o
                0x0000000008001696                DebugMon_Handler
 .text.PendSV_Handler
                0x00000000080016a2        0xc ./Core/Src/stm32f1xx_it.o
                0x00000000080016a2                PendSV_Handler
 .text.SysTick_Handler
                0x00000000080016ae        0xc ./Core/Src/stm32f1xx_it.o
                0x00000000080016ae                SysTick_Handler
 *fill*         0x00000000080016ba        0x2 
 .text.DMA1_Channel6_IRQHandler
                0x00000000080016bc       0x14 ./Core/Src/stm32f1xx_it.o
                0x00000000080016bc                DMA1_Channel6_IRQHandler
 .text.TIM2_IRQHandler
                0x00000000080016d0       0x14 ./Core/Src/stm32f1xx_it.o
                0x00000000080016d0                TIM2_IRQHandler
 .text.USART1_IRQHandler
                0x00000000080016e4       0x14 ./Core/Src/stm32f1xx_it.o
                0x00000000080016e4                USART1_IRQHandler
 .text.USART2_IRQHandler
                0x00000000080016f8       0x14 ./Core/Src/stm32f1xx_it.o
                0x00000000080016f8                USART2_IRQHandler
 .text._sbrk    0x000000000800170c       0x6c ./Core/Src/sysmem.o
                0x000000000800170c                _sbrk
 .text.SystemInit
                0x0000000008001778        0xc ./Core/Src/system_stm32f1xx.o
                0x0000000008001778                SystemInit
 .text.MX_TIM2_Init
                0x0000000008001784       0x9c ./Core/Src/tim.o
                0x0000000008001784                MX_TIM2_Init
 .text.HAL_TIM_Base_MspInit
                0x0000000008001820       0x48 ./Core/Src/tim.o
                0x0000000008001820                HAL_TIM_Base_MspInit
 .text.HAL_TIM_PeriodElapsedCallback
                0x0000000008001868       0x12 ./Core/Src/tim.o
                0x0000000008001868                HAL_TIM_PeriodElapsedCallback
 *fill*         0x000000000800187a        0x2 
 .text.MX_USART1_UART_Init
                0x000000000800187c       0x54 ./Core/Src/usart.o
                0x000000000800187c                MX_USART1_UART_Init
 .text.MX_USART2_UART_Init
                0x00000000080018d0       0x74 ./Core/Src/usart.o
                0x00000000080018d0                MX_USART2_UART_Init
 .text.HAL_UART_MspInit
                0x0000000008001944      0x17c ./Core/Src/usart.o
                0x0000000008001944                HAL_UART_MspInit
 .text.u1_printf
                0x0000000008001ac0       0x50 ./Core/Src/usart.o
                0x0000000008001ac0                u1_printf
 .text.u2_transmit
                0x0000000008001b10       0xac ./Core/Src/usart.o
                0x0000000008001b10                u2_transmit
 .text.Reset_Handler
                0x0000000008001bbc       0x48 ./Core/Startup/startup_stm32f103rbtx.o
                0x0000000008001bbc                Reset_Handler
 .text.Default_Handler
                0x0000000008001c04        0x2 ./Core/Startup/startup_stm32f103rbtx.o
                0x0000000008001c04                RTC_Alarm_IRQHandler
                0x0000000008001c04                EXTI2_IRQHandler
                0x0000000008001c04                TIM1_CC_IRQHandler
                0x0000000008001c04                PVD_IRQHandler
                0x0000000008001c04                EXTI3_IRQHandler
                0x0000000008001c04                EXTI0_IRQHandler
                0x0000000008001c04                I2C2_EV_IRQHandler
                0x0000000008001c04                ADC1_2_IRQHandler
                0x0000000008001c04                SPI1_IRQHandler
                0x0000000008001c04                TAMPER_IRQHandler
                0x0000000008001c04                DMA1_Channel4_IRQHandler
                0x0000000008001c04                USART3_IRQHandler
                0x0000000008001c04                RTC_IRQHandler
                0x0000000008001c04                DMA1_Channel7_IRQHandler
                0x0000000008001c04                CAN1_RX1_IRQHandler
                0x0000000008001c04                TIM4_IRQHandler
                0x0000000008001c04                I2C1_EV_IRQHandler
                0x0000000008001c04                TIM3_IRQHandler
                0x0000000008001c04                RCC_IRQHandler
                0x0000000008001c04                TIM1_TRG_COM_IRQHandler
                0x0000000008001c04                DMA1_Channel1_IRQHandler
                0x0000000008001c04                Default_Handler
                0x0000000008001c04                EXTI15_10_IRQHandler
                0x0000000008001c04                EXTI9_5_IRQHandler
                0x0000000008001c04                SPI2_IRQHandler
                0x0000000008001c04                DMA1_Channel5_IRQHandler
                0x0000000008001c04                EXTI4_IRQHandler
                0x0000000008001c04                USB_LP_CAN1_RX0_IRQHandler
                0x0000000008001c04                USB_HP_CAN1_TX_IRQHandler
                0x0000000008001c04                DMA1_Channel3_IRQHandler
                0x0000000008001c04                TIM1_UP_IRQHandler
                0x0000000008001c04                WWDG_IRQHandler
                0x0000000008001c04                TIM1_BRK_IRQHandler
                0x0000000008001c04                EXTI1_IRQHandler
                0x0000000008001c04                I2C2_ER_IRQHandler
                0x0000000008001c04                DMA1_Channel2_IRQHandler
                0x0000000008001c04                CAN1_SCE_IRQHandler
                0x0000000008001c04                FLASH_IRQHandler
                0x0000000008001c04                I2C1_ER_IRQHandler
                0x0000000008001c04                USBWakeUp_IRQHandler
 *fill*         0x0000000008001c06        0x2 
 .text.HAL_Init
                0x0000000008001c08       0x2c ./Drivers/STM32F1xx_HAL_Driver/Src/stm32f1xx_hal.o
                0x0000000008001c08                HAL_Init
 .text.HAL_InitTick
                0x0000000008001c34       0x60 ./Drivers/STM32F1xx_HAL_Driver/Src/stm32f1xx_hal.o
                0x0000000008001c34                HAL_InitTick
 .text.HAL_IncTick
                0x0000000008001c94       0x24 ./Drivers/STM32F1xx_HAL_Driver/Src/stm32f1xx_hal.o
                0x0000000008001c94                HAL_IncTick
 .text.HAL_GetTick
                0x0000000008001cb8       0x14 ./Drivers/STM32F1xx_HAL_Driver/Src/stm32f1xx_hal.o
                0x0000000008001cb8                HAL_GetTick
 .text.HAL_Delay
                0x0000000008001ccc       0x48 ./Drivers/STM32F1xx_HAL_Driver/Src/stm32f1xx_hal.o
                0x0000000008001ccc                HAL_Delay
 .text.__NVIC_SetPriorityGrouping
                0x0000000008001d14       0x48 ./Drivers/STM32F1xx_HAL_Driver/Src/stm32f1xx_hal_cortex.o
 .text.__NVIC_GetPriorityGrouping
                0x0000000008001d5c       0x1c ./Drivers/STM32F1xx_HAL_Driver/Src/stm32f1xx_hal_cortex.o
 .text.__NVIC_EnableIRQ
                0x0000000008001d78       0x38 ./Drivers/STM32F1xx_HAL_Driver/Src/stm32f1xx_hal_cortex.o
 .text.__NVIC_SetPriority
                0x0000000008001db0       0x54 ./Drivers/STM32F1xx_HAL_Driver/Src/stm32f1xx_hal_cortex.o
 .text.NVIC_EncodePriority
                0x0000000008001e04       0x64 ./Drivers/STM32F1xx_HAL_Driver/Src/stm32f1xx_hal_cortex.o
 .text.SysTick_Config
                0x0000000008001e68       0x44 ./Drivers/STM32F1xx_HAL_Driver/Src/stm32f1xx_hal_cortex.o
 .text.HAL_NVIC_SetPriorityGrouping
                0x0000000008001eac       0x16 ./Drivers/STM32F1xx_HAL_Driver/Src/stm32f1xx_hal_cortex.o
                0x0000000008001eac                HAL_NVIC_SetPriorityGrouping
 .text.HAL_NVIC_SetPriority
                0x0000000008001ec2       0x38 ./Drivers/STM32F1xx_HAL_Driver/Src/stm32f1xx_hal_cortex.o
                0x0000000008001ec2                HAL_NVIC_SetPriority
 .text.HAL_NVIC_EnableIRQ
                0x0000000008001efa       0x1c ./Drivers/STM32F1xx_HAL_Driver/Src/stm32f1xx_hal_cortex.o
                0x0000000008001efa                HAL_NVIC_EnableIRQ
 .text.HAL_SYSTICK_Config
                0x0000000008001f16       0x18 ./Drivers/STM32F1xx_HAL_Driver/Src/stm32f1xx_hal_cortex.o
                0x0000000008001f16                HAL_SYSTICK_Config
 *fill*         0x0000000008001f2e        0x2 
 .text.HAL_DMA_Init
                0x0000000008001f30       0xb4 ./Drivers/STM32F1xx_HAL_Driver/Src/stm32f1xx_hal_dma.o
                0x0000000008001f30                HAL_DMA_Init
 .text.HAL_DMA_Start_IT
                0x0000000008001fe4       0xbe ./Drivers/STM32F1xx_HAL_Driver/Src/stm32f1xx_hal_dma.o
                0x0000000008001fe4                HAL_DMA_Start_IT
 .text.HAL_DMA_Abort
                0x00000000080020a2       0x74 ./Drivers/STM32F1xx_HAL_Driver/Src/stm32f1xx_hal_dma.o
                0x00000000080020a2                HAL_DMA_Abort
 *fill*         0x0000000008002116        0x2 
 .text.HAL_DMA_Abort_IT
                0x0000000008002118       0xec ./Drivers/STM32F1xx_HAL_Driver/Src/stm32f1xx_hal_dma.o
                0x0000000008002118                HAL_DMA_Abort_IT
 .text.HAL_DMA_IRQHandler
                0x0000000008002204      0x20c ./Drivers/STM32F1xx_HAL_Driver/Src/stm32f1xx_hal_dma.o
                0x0000000008002204                HAL_DMA_IRQHandler
 .text.DMA_SetConfig
                0x0000000008002410       0x5a ./Drivers/STM32F1xx_HAL_Driver/Src/stm32f1xx_hal_dma.o
 *fill*         0x000000000800246a        0x2 
 .text.HAL_GPIO_Init
                0x000000000800246c      0x308 ./Drivers/STM32F1xx_HAL_Driver/Src/stm32f1xx_hal_gpio.o
                0x000000000800246c                HAL_GPIO_Init
 .text.HAL_GPIO_WritePin
                0x0000000008002774       0x30 ./Drivers/STM32F1xx_HAL_Driver/Src/stm32f1xx_hal_gpio.o
                0x0000000008002774                HAL_GPIO_WritePin
 .text.HAL_RCC_OscConfig
                0x00000000080027a4      0x504 ./Drivers/STM32F1xx_HAL_Driver/Src/stm32f1xx_hal_rcc.o
                0x00000000080027a4                HAL_RCC_OscConfig
 .text.HAL_RCC_ClockConfig
                0x0000000008002ca8      0x1d4 ./Drivers/STM32F1xx_HAL_Driver/Src/stm32f1xx_hal_rcc.o
                0x0000000008002ca8                HAL_RCC_ClockConfig
 .text.HAL_RCC_GetSysClockFreq
                0x0000000008002e7c       0xbc ./Drivers/STM32F1xx_HAL_Driver/Src/stm32f1xx_hal_rcc.o
                0x0000000008002e7c                HAL_RCC_GetSysClockFreq
 .text.HAL_RCC_GetHCLKFreq
                0x0000000008002f38       0x14 ./Drivers/STM32F1xx_HAL_Driver/Src/stm32f1xx_hal_rcc.o
                0x0000000008002f38                HAL_RCC_GetHCLKFreq
 .text.HAL_RCC_GetPCLK1Freq
                0x0000000008002f4c       0x28 ./Drivers/STM32F1xx_HAL_Driver/Src/stm32f1xx_hal_rcc.o
                0x0000000008002f4c                HAL_RCC_GetPCLK1Freq
 .text.HAL_RCC_GetPCLK2Freq
                0x0000000008002f74       0x28 ./Drivers/STM32F1xx_HAL_Driver/Src/stm32f1xx_hal_rcc.o
                0x0000000008002f74                HAL_RCC_GetPCLK2Freq
 .text.RCC_Delay
                0x0000000008002f9c       0x3c ./Drivers/STM32F1xx_HAL_Driver/Src/stm32f1xx_hal_rcc.o
 .text.HAL_TIM_Base_Init
                0x0000000008002fd8       0x9e ./Drivers/STM32F1xx_HAL_Driver/Src/stm32f1xx_hal_tim.o
                0x0000000008002fd8                HAL_TIM_Base_Init
 .text.HAL_TIM_IRQHandler
                0x0000000008003076      0x210 ./Drivers/STM32F1xx_HAL_Driver/Src/stm32f1xx_hal_tim.o
                0x0000000008003076                HAL_TIM_IRQHandler
 .text.HAL_TIM_ConfigClockSource
                0x0000000008003286      0x188 ./Drivers/STM32F1xx_HAL_Driver/Src/stm32f1xx_hal_tim.o
                0x0000000008003286                HAL_TIM_ConfigClockSource
 .text.HAL_TIM_OC_DelayElapsedCallback
                0x000000000800340e       0x12 ./Drivers/STM32F1xx_HAL_Driver/Src/stm32f1xx_hal_tim.o
                0x000000000800340e                HAL_TIM_OC_DelayElapsedCallback
 .text.HAL_TIM_IC_CaptureCallback
                0x0000000008003420       0x12 ./Drivers/STM32F1xx_HAL_Driver/Src/stm32f1xx_hal_tim.o
                0x0000000008003420                HAL_TIM_IC_CaptureCallback
 .text.HAL_TIM_PWM_PulseFinishedCallback
                0x0000000008003432       0x12 ./Drivers/STM32F1xx_HAL_Driver/Src/stm32f1xx_hal_tim.o
                0x0000000008003432                HAL_TIM_PWM_PulseFinishedCallback
 .text.HAL_TIM_TriggerCallback
                0x0000000008003444       0x12 ./Drivers/STM32F1xx_HAL_Driver/Src/stm32f1xx_hal_tim.o
                0x0000000008003444                HAL_TIM_TriggerCallback
 *fill*         0x0000000008003456        0x2 
 .text.TIM_Base_SetConfig
                0x0000000008003458       0xc4 ./Drivers/STM32F1xx_HAL_Driver/Src/stm32f1xx_hal_tim.o
                0x0000000008003458                TIM_Base_SetConfig
 .text.TIM_TI1_ConfigInputStage
                0x000000000800351c       0x5c ./Drivers/STM32F1xx_HAL_Driver/Src/stm32f1xx_hal_tim.o
 .text.TIM_TI2_ConfigInputStage
                0x0000000008003578       0x5e ./Drivers/STM32F1xx_HAL_Driver/Src/stm32f1xx_hal_tim.o
 .text.TIM_ITRx_SetConfig
                0x00000000080035d6       0x34 ./Drivers/STM32F1xx_HAL_Driver/Src/stm32f1xx_hal_tim.o
 .text.TIM_ETR_SetConfig
                0x000000000800360a       0x3e ./Drivers/STM32F1xx_HAL_Driver/Src/stm32f1xx_hal_tim.o
                0x000000000800360a                TIM_ETR_SetConfig
 .text.HAL_TIMEx_MasterConfigSynchronization
                0x0000000008003648       0xbc ./Drivers/STM32F1xx_HAL_Driver/Src/stm32f1xx_hal_tim_ex.o
                0x0000000008003648                HAL_TIMEx_MasterConfigSynchronization
 .text.HAL_TIMEx_CommutCallback
                0x0000000008003704       0x12 ./Drivers/STM32F1xx_HAL_Driver/Src/stm32f1xx_hal_tim_ex.o
                0x0000000008003704                HAL_TIMEx_CommutCallback
 .text.HAL_TIMEx_BreakCallback
                0x0000000008003716       0x12 ./Drivers/STM32F1xx_HAL_Driver/Src/stm32f1xx_hal_tim_ex.o
                0x0000000008003716                HAL_TIMEx_BreakCallback
 .text.HAL_UART_Init
                0x0000000008003728       0x9a ./Drivers/STM32F1xx_HAL_Driver/Src/stm32f1xx_hal_uart.o
                0x0000000008003728                HAL_UART_Init
 .text.HAL_UART_Transmit
                0x00000000080037c2      0x124 ./Drivers/STM32F1xx_HAL_Driver/Src/stm32f1xx_hal_uart.o
                0x00000000080037c2                HAL_UART_Transmit
 .text.HAL_UART_Receive_DMA
                0x00000000080038e6       0x60 ./Drivers/STM32F1xx_HAL_Driver/Src/stm32f1xx_hal_uart.o
                0x00000000080038e6                HAL_UART_Receive_DMA
 *fill*         0x0000000008003946        0x2 
 .text.HAL_UART_IRQHandler
                0x0000000008003948      0x354 ./Drivers/STM32F1xx_HAL_Driver/Src/stm32f1xx_hal_uart.o
                0x0000000008003948                HAL_UART_IRQHandler
 .text.HAL_UART_TxCpltCallback
                0x0000000008003c9c       0x12 ./Drivers/STM32F1xx_HAL_Driver/Src/stm32f1xx_hal_uart.o
                0x0000000008003c9c                HAL_UART_TxCpltCallback
 .text.HAL_UART_RxCpltCallback
                0x0000000008003cae       0x12 ./Drivers/STM32F1xx_HAL_Driver/Src/stm32f1xx_hal_uart.o
                0x0000000008003cae                HAL_UART_RxCpltCallback
 .text.HAL_UART_RxHalfCpltCallback
                0x0000000008003cc0       0x12 ./Drivers/STM32F1xx_HAL_Driver/Src/stm32f1xx_hal_uart.o
                0x0000000008003cc0                HAL_UART_RxHalfCpltCallback
 .text.HAL_UART_ErrorCallback
                0x0000000008003cd2       0x12 ./Drivers/STM32F1xx_HAL_Driver/Src/stm32f1xx_hal_uart.o
                0x0000000008003cd2                HAL_UART_ErrorCallback
 .text.HAL_UARTEx_RxEventCallback
                0x0000000008003ce4       0x16 ./Drivers/STM32F1xx_HAL_Driver/Src/stm32f1xx_hal_uart.o
                0x0000000008003ce4                HAL_UARTEx_RxEventCallback
 .text.UART_DMAReceiveCplt
                0x0000000008003cfa       0x96 ./Drivers/STM32F1xx_HAL_Driver/Src/stm32f1xx_hal_uart.o
 .text.UART_DMARxHalfCplt
                0x0000000008003d90       0x36 ./Drivers/STM32F1xx_HAL_Driver/Src/stm32f1xx_hal_uart.o
 .text.UART_DMAError
                0x0000000008003dc6       0x94 ./Drivers/STM32F1xx_HAL_Driver/Src/stm32f1xx_hal_uart.o
 .text.UART_WaitOnFlagUntilTimeout
                0x0000000008003e5a       0x94 ./Drivers/STM32F1xx_HAL_Driver/Src/stm32f1xx_hal_uart.o
 *fill*         0x0000000008003eee        0x2 
 .text.UART_Start_Receive_DMA
                0x0000000008003ef0       0xc8 ./Drivers/STM32F1xx_HAL_Driver/Src/stm32f1xx_hal_uart.o
                0x0000000008003ef0                UART_Start_Receive_DMA
 .text.UART_EndTxTransfer
                0x0000000008003fb8       0x2a ./Drivers/STM32F1xx_HAL_Driver/Src/stm32f1xx_hal_uart.o
 .text.UART_EndRxTransfer
                0x0000000008003fe2       0x58 ./Drivers/STM32F1xx_HAL_Driver/Src/stm32f1xx_hal_uart.o
 .text.UART_DMAAbortOnError
                0x000000000800403a       0x28 ./Drivers/STM32F1xx_HAL_Driver/Src/stm32f1xx_hal_uart.o
 .text.UART_Transmit_IT
                0x0000000008004062       0x9e ./Drivers/STM32F1xx_HAL_Driver/Src/stm32f1xx_hal_uart.o
 .text.UART_EndTransmit_IT
                0x0000000008004100       0x30 ./Drivers/STM32F1xx_HAL_Driver/Src/stm32f1xx_hal_uart.o
 .text.UART_Receive_IT
                0x0000000008004130      0x152 ./Drivers/STM32F1xx_HAL_Driver/Src/stm32f1xx_hal_uart.o
 *fill*         0x0000000008004282        0x2 
 .text.UART_SetConfig
                0x0000000008004284      0x11c ./Drivers/STM32F1xx_HAL_Driver/Src/stm32f1xx_hal_uart.o
 .text.__errno  0x00000000080043a0        0xc c:/st/stm32cubeide_1.9.0/stm32cubeide/plugins/com.st.stm32cube.ide.mcu.externaltools.gnu-tools-for-stm32.10.3-2021.10.win32_1.0.0.202111181127/tools/bin/../lib/gcc/arm-none-eabi/10.3.1/../../../../arm-none-eabi/lib/thumb/v7-m/nofp\libc_nano.a(lib_a-errno.o)
                0x00000000080043a0                __errno
 .text.__libc_init_array
                0x00000000080043ac       0x48 c:/st/stm32cubeide_1.9.0/stm32cubeide/plugins/com.st.stm32cube.ide.mcu.externaltools.gnu-tools-for-stm32.10.3-2021.10.win32_1.0.0.202111181127/tools/bin/../lib/gcc/arm-none-eabi/10.3.1/../../../../arm-none-eabi/lib/thumb/v7-m/nofp\libc_nano.a(lib_a-init.o)
                0x00000000080043ac                __libc_init_array
 .text.malloc   0x00000000080043f4       0x10 c:/st/stm32cubeide_1.9.0/stm32cubeide/plugins/com.st.stm32cube.ide.mcu.externaltools.gnu-tools-for-stm32.10.3-2021.10.win32_1.0.0.202111181127/tools/bin/../lib/gcc/arm-none-eabi/10.3.1/../../../../arm-none-eabi/lib/thumb/v7-m/nofp\libc_nano.a(lib_a-malloc.o)
                0x00000000080043f4                malloc
 .text.memcpy   0x0000000008004404       0x1c c:/st/stm32cubeide_1.9.0/stm32cubeide/plugins/com.st.stm32cube.ide.mcu.externaltools.gnu-tools-for-stm32.10.3-2021.10.win32_1.0.0.202111181127/tools/bin/../lib/gcc/arm-none-eabi/10.3.1/../../../../arm-none-eabi/lib/thumb/v7-m/nofp\libc_nano.a(lib_a-memcpy-stub.o)
                0x0000000008004404                memcpy
 .text.memset   0x0000000008004420       0x10 c:/st/stm32cubeide_1.9.0/stm32cubeide/plugins/com.st.stm32cube.ide.mcu.externaltools.gnu-tools-for-stm32.10.3-2021.10.win32_1.0.0.202111181127/tools/bin/../lib/gcc/arm-none-eabi/10.3.1/../../../../arm-none-eabi/lib/thumb/v7-m/nofp\libc_nano.a(lib_a-memset.o)
                0x0000000008004420                memset
 .text._free_r  0x0000000008004430       0x90 c:/st/stm32cubeide_1.9.0/stm32cubeide/plugins/com.st.stm32cube.ide.mcu.externaltools.gnu-tools-for-stm32.10.3-2021.10.win32_1.0.0.202111181127/tools/bin/../lib/gcc/arm-none-eabi/10.3.1/../../../../arm-none-eabi/lib/thumb/v7-m/nofp\libc_nano.a(lib_a-nano-freer.o)
                0x0000000008004430                _free_r
 .text.sbrk_aligned
                0x00000000080044c0       0x40 c:/st/stm32cubeide_1.9.0/stm32cubeide/plugins/com.st.stm32cube.ide.mcu.externaltools.gnu-tools-for-stm32.10.3-2021.10.win32_1.0.0.202111181127/tools/bin/../lib/gcc/arm-none-eabi/10.3.1/../../../../arm-none-eabi/lib/thumb/v7-m/nofp\libc_nano.a(lib_a-nano-mallocr.o)
 .text._malloc_r
                0x0000000008004500       0xe8 c:/st/stm32cubeide_1.9.0/stm32cubeide/plugins/com.st.stm32cube.ide.mcu.externaltools.gnu-tools-for-stm32.10.3-2021.10.win32_1.0.0.202111181127/tools/bin/../lib/gcc/arm-none-eabi/10.3.1/../../../../arm-none-eabi/lib/thumb/v7-m/nofp\libc_nano.a(lib_a-nano-mallocr.o)
                0x0000000008004500                _malloc_r
 .text._sbrk_r  0x00000000080045e8       0x20 c:/st/stm32cubeide_1.9.0/stm32cubeide/plugins/com.st.stm32cube.ide.mcu.externaltools.gnu-tools-for-stm32.10.3-2021.10.win32_1.0.0.202111181127/tools/bin/../lib/gcc/arm-none-eabi/10.3.1/../../../../arm-none-eabi/lib/thumb/v7-m/nofp\libc_nano.a(lib_a-sbrkr.o)
                0x00000000080045e8                _sbrk_r
 .text.sprintf  0x0000000008004608       0x40 c:/st/stm32cubeide_1.9.0/stm32cubeide/plugins/com.st.stm32cube.ide.mcu.externaltools.gnu-tools-for-stm32.10.3-2021.10.win32_1.0.0.202111181127/tools/bin/../lib/gcc/arm-none-eabi/10.3.1/../../../../arm-none-eabi/lib/thumb/v7-m/nofp\libc_nano.a(lib_a-sprintf.o)
                0x0000000008004608                siprintf
                0x0000000008004608                sprintf
 .text.strstr   0x0000000008004648       0x2c c:/st/stm32cubeide_1.9.0/stm32cubeide/plugins/com.st.stm32cube.ide.mcu.externaltools.gnu-tools-for-stm32.10.3-2021.10.win32_1.0.0.202111181127/tools/bin/../lib/gcc/arm-none-eabi/10.3.1/../../../../arm-none-eabi/lib/thumb/v7-m/nofp\libc_nano.a(lib_a-strstr.o)
                0x0000000008004648                strstr
 .text._vsprintf_r
                0x0000000008004674       0x2c c:/st/stm32cubeide_1.9.0/stm32cubeide/plugins/com.st.stm32cube.ide.mcu.externaltools.gnu-tools-for-stm32.10.3-2021.10.win32_1.0.0.202111181127/tools/bin/../lib/gcc/arm-none-eabi/10.3.1/../../../../arm-none-eabi/lib/thumb/v7-m/nofp\libc_nano.a(lib_a-vsprintf.o)
                0x0000000008004674                _vsprintf_r
                0x0000000008004674                _vsiprintf_r
 .text.vsprintf
                0x00000000080046a0       0x14 c:/st/stm32cubeide_1.9.0/stm32cubeide/plugins/com.st.stm32cube.ide.mcu.externaltools.gnu-tools-for-stm32.10.3-2021.10.win32_1.0.0.202111181127/tools/bin/../lib/gcc/arm-none-eabi/10.3.1/../../../../arm-none-eabi/lib/thumb/v7-m/nofp\libc_nano.a(lib_a-vsprintf.o)
                0x00000000080046a0                vsiprintf
                0x00000000080046a0                vsprintf
 .text.__malloc_lock
                0x00000000080046b4        0xc c:/st/stm32cubeide_1.9.0/stm32cubeide/plugins/com.st.stm32cube.ide.mcu.externaltools.gnu-tools-for-stm32.10.3-2021.10.win32_1.0.0.202111181127/tools/bin/../lib/gcc/arm-none-eabi/10.3.1/../../../../arm-none-eabi/lib/thumb/v7-m/nofp\libc_nano.a(lib_a-mlock.o)
                0x00000000080046b4                __malloc_lock
 .text.__malloc_unlock
                0x00000000080046c0        0xc c:/st/stm32cubeide_1.9.0/stm32cubeide/plugins/com.st.stm32cube.ide.mcu.externaltools.gnu-tools-for-stm32.10.3-2021.10.win32_1.0.0.202111181127/tools/bin/../lib/gcc/arm-none-eabi/10.3.1/../../../../arm-none-eabi/lib/thumb/v7-m/nofp\libc_nano.a(lib_a-mlock.o)
                0x00000000080046c0                __malloc_unlock
 .text.__ssputs_r
                0x00000000080046cc       0xb6 c:/st/stm32cubeide_1.9.0/stm32cubeide/plugins/com.st.stm32cube.ide.mcu.externaltools.gnu-tools-for-stm32.10.3-2021.10.win32_1.0.0.202111181127/tools/bin/../lib/gcc/arm-none-eabi/10.3.1/../../../../arm-none-eabi/lib/thumb/v7-m/nofp\libc_nano.a(lib_a-nano-svfprintf.o)
                0x00000000080046cc                __ssputs_r
 *fill*         0x0000000008004782        0x2 
 .text._svfprintf_r
                0x0000000008004784      0x200 c:/st/stm32cubeide_1.9.0/stm32cubeide/plugins/com.st.stm32cube.ide.mcu.externaltools.gnu-tools-for-stm32.10.3-2021.10.win32_1.0.0.202111181127/tools/bin/../lib/gcc/arm-none-eabi/10.3.1/../../../../arm-none-eabi/lib/thumb/v7-m/nofp\libc_nano.a(lib_a-nano-svfprintf.o)
                0x0000000008004784                _svfiprintf_r
                0x0000000008004784                _svfprintf_r
 .text._printf_common
                0x0000000008004984       0xde c:/st/stm32cubeide_1.9.0/stm32cubeide/plugins/com.st.stm32cube.ide.mcu.externaltools.gnu-tools-for-stm32.10.3-2021.10.win32_1.0.0.202111181127/tools/bin/../lib/gcc/arm-none-eabi/10.3.1/../../../../arm-none-eabi/lib/thumb/v7-m/nofp\libc_nano.a(lib_a-nano-vfprintf_i.o)
                0x0000000008004984                _printf_common
 *fill*         0x0000000008004a62        0x2 
 .text._printf_i
                0x0000000008004a64      0x24c c:/st/stm32cubeide_1.9.0/stm32cubeide/plugins/com.st.stm32cube.ide.mcu.externaltools.gnu-tools-for-stm32.10.3-2021.10.win32_1.0.0.202111181127/tools/bin/../lib/gcc/arm-none-eabi/10.3.1/../../../../arm-none-eabi/lib/thumb/v7-m/nofp\libc_nano.a(lib_a-nano-vfprintf_i.o)
                0x0000000008004a64                _printf_i
 .text.__retarget_lock_acquire_recursive
                0x0000000008004cb0        0x2 c:/st/stm32cubeide_1.9.0/stm32cubeide/plugins/com.st.stm32cube.ide.mcu.externaltools.gnu-tools-for-stm32.10.3-2021.10.win32_1.0.0.202111181127/tools/bin/../lib/gcc/arm-none-eabi/10.3.1/../../../../arm-none-eabi/lib/thumb/v7-m/nofp\libc_nano.a(lib_a-lock.o)
                0x0000000008004cb0                __retarget_lock_acquire_recursive
 .text.__retarget_lock_release_recursive
                0x0000000008004cb2        0x2 c:/st/stm32cubeide_1.9.0/stm32cubeide/plugins/com.st.stm32cube.ide.mcu.externaltools.gnu-tools-for-stm32.10.3-2021.10.win32_1.0.0.202111181127/tools/bin/../lib/gcc/arm-none-eabi/10.3.1/../../../../arm-none-eabi/lib/thumb/v7-m/nofp\libc_nano.a(lib_a-lock.o)
                0x0000000008004cb2                __retarget_lock_release_recursive
 .text.memchr   0x0000000008004cb4       0x1c c:/st/stm32cubeide_1.9.0/stm32cubeide/plugins/com.st.stm32cube.ide.mcu.externaltools.gnu-tools-for-stm32.10.3-2021.10.win32_1.0.0.202111181127/tools/bin/../lib/gcc/arm-none-eabi/10.3.1/../../../../arm-none-eabi/lib/thumb/v7-m/nofp\libc_nano.a(lib_a-memchr-stub.o)
                0x0000000008004cb4                memchr
 .text.memmove  0x0000000008004cd0       0x34 c:/st/stm32cubeide_1.9.0/stm32cubeide/plugins/com.st.stm32cube.ide.mcu.externaltools.gnu-tools-for-stm32.10.3-2021.10.win32_1.0.0.202111181127/tools/bin/../lib/gcc/arm-none-eabi/10.3.1/../../../../arm-none-eabi/lib/thumb/v7-m/nofp\libc_nano.a(lib_a-memmove.o)
                0x0000000008004cd0                memmove
 .text._realloc_r
                0x0000000008004d04       0x5e c:/st/stm32cubeide_1.9.0/stm32cubeide/plugins/com.st.stm32cube.ide.mcu.externaltools.gnu-tools-for-stm32.10.3-2021.10.win32_1.0.0.202111181127/tools/bin/../lib/gcc/arm-none-eabi/10.3.1/../../../../arm-none-eabi/lib/thumb/v7-m/nofp\libc_nano.a(lib_a-nano-reallocr.o)
                0x0000000008004d04                _realloc_r
 .text._malloc_usable_size_r
                0x0000000008004d62       0x10 c:/st/stm32cubeide_1.9.0/stm32cubeide/plugins/com.st.stm32cube.ide.mcu.externaltools.gnu-tools-for-stm32.10.3-2021.10.win32_1.0.0.202111181127/tools/bin/../lib/gcc/arm-none-eabi/10.3.1/../../../../arm-none-eabi/lib/thumb/v7-m/nofp\libc_nano.a(lib_a-nano-msizer.o)
                0x0000000008004d62                _malloc_usable_size_r
 *(.glue_7)
 .glue_7        0x0000000008004d72        0x0 linker stubs
 *(.glue_7t)
 .glue_7t       0x0000000008004d72        0x0 linker stubs
 *(.eh_frame)
 *fill*         0x0000000008004d72        0x2 
 .eh_frame      0x0000000008004d74        0x0 c:/st/stm32cubeide_1.9.0/stm32cubeide/plugins/com.st.stm32cube.ide.mcu.externaltools.gnu-tools-for-stm32.10.3-2021.10.win32_1.0.0.202111181127/tools/bin/../lib/gcc/arm-none-eabi/10.3.1/thumb/v7-m/nofp/crtbegin.o
 *(.init)
 .init          0x0000000008004d74        0x4 c:/st/stm32cubeide_1.9.0/stm32cubeide/plugins/com.st.stm32cube.ide.mcu.externaltools.gnu-tools-for-stm32.10.3-2021.10.win32_1.0.0.202111181127/tools/bin/../lib/gcc/arm-none-eabi/10.3.1/thumb/v7-m/nofp/crti.o
                0x0000000008004d74                _init
 .init          0x0000000008004d78        0x8 c:/st/stm32cubeide_1.9.0/stm32cubeide/plugins/com.st.stm32cube.ide.mcu.externaltools.gnu-tools-for-stm32.10.3-2021.10.win32_1.0.0.202111181127/tools/bin/../lib/gcc/arm-none-eabi/10.3.1/thumb/v7-m/nofp/crtn.o
 *(.fini)
 .fini          0x0000000008004d80        0x4 c:/st/stm32cubeide_1.9.0/stm32cubeide/plugins/com.st.stm32cube.ide.mcu.externaltools.gnu-tools-for-stm32.10.3-2021.10.win32_1.0.0.202111181127/tools/bin/../lib/gcc/arm-none-eabi/10.3.1/thumb/v7-m/nofp/crti.o
                0x0000000008004d80                _fini
 .fini          0x0000000008004d84        0x8 c:/st/stm32cubeide_1.9.0/stm32cubeide/plugins/com.st.stm32cube.ide.mcu.externaltools.gnu-tools-for-stm32.10.3-2021.10.win32_1.0.0.202111181127/tools/bin/../lib/gcc/arm-none-eabi/10.3.1/thumb/v7-m/nofp/crtn.o
                0x0000000008004d8c                . = ALIGN (0x4)
                0x0000000008004d8c                _etext = .

.vfp11_veneer   0x0000000008004d8c        0x0
 .vfp11_veneer  0x0000000008004d8c        0x0 linker stubs

.v4_bx          0x0000000008004d8c        0x0
 .v4_bx         0x0000000008004d8c        0x0 linker stubs

.iplt           0x0000000008004d8c        0x0
 .iplt          0x0000000008004d8c        0x0 c:/st/stm32cubeide_1.9.0/stm32cubeide/plugins/com.st.stm32cube.ide.mcu.externaltools.gnu-tools-for-stm32.10.3-2021.10.win32_1.0.0.202111181127/tools/bin/../lib/gcc/arm-none-eabi/10.3.1/thumb/v7-m/nofp/crtbegin.o

.rodata         0x0000000008004d8c      0xc44
                0x0000000008004d8c                . = ALIGN (0x4)
 *(.rodata)
 .rodata        0x0000000008004d8c        0xf ./Core/Src/MQTTConnectClient.o
 *fill*         0x0000000008004d9b        0x1 
 .rodata        0x0000000008004d9c      0xa07 ./Core/Src/esp8266.o
 *fill*         0x00000000080057a3        0x1 
 .rodata        0x00000000080057a4       0xb2 ./Core/Src/main.o
 *fill*         0x0000000008005856        0x2 
 .rodata        0x0000000008005858      0x11c ./Core/Src/mqttclient.o
 .rodata        0x0000000008005974       0x10 ./Drivers/STM32F1xx_HAL_Driver/Src/stm32f1xx_hal_rcc.o
 *(.rodata*)
 .rodata.AHBPrescTable
                0x0000000008005984       0x10 ./Core/Src/system_stm32f1xx.o
                0x0000000008005984                AHBPrescTable
 .rodata.APBPrescTable
                0x0000000008005994        0x8 ./Core/Src/system_stm32f1xx.o
                0x0000000008005994                APBPrescTable
 .rodata._svfprintf_r.str1.1
                0x000000000800599c       0x11 c:/st/stm32cubeide_1.9.0/stm32cubeide/plugins/com.st.stm32cube.ide.mcu.externaltools.gnu-tools-for-stm32.10.3-2021.10.win32_1.0.0.202111181127/tools/bin/../lib/gcc/arm-none-eabi/10.3.1/../../../../arm-none-eabi/lib/thumb/v7-m/nofp\libc_nano.a(lib_a-nano-svfprintf.o)
 .rodata._printf_i.str1.1
                0x00000000080059ad       0x22 c:/st/stm32cubeide_1.9.0/stm32cubeide/plugins/com.st.stm32cube.ide.mcu.externaltools.gnu-tools-for-stm32.10.3-2021.10.win32_1.0.0.202111181127/tools/bin/../lib/gcc/arm-none-eabi/10.3.1/../../../../arm-none-eabi/lib/thumb/v7-m/nofp\libc_nano.a(lib_a-nano-vfprintf_i.o)
                0x00000000080059d0                . = ALIGN (0x4)
 *fill*         0x00000000080059cf        0x1 

.rel.dyn        0x00000000080059d0        0x0
 .rel.iplt      0x00000000080059d0        0x0 c:/st/stm32cubeide_1.9.0/stm32cubeide/plugins/com.st.stm32cube.ide.mcu.externaltools.gnu-tools-for-stm32.10.3-2021.10.win32_1.0.0.202111181127/tools/bin/../lib/gcc/arm-none-eabi/10.3.1/thumb/v7-m/nofp/crtbegin.o

.ARM.extab      0x00000000080059d0        0x0
                0x00000000080059d0                . = ALIGN (0x4)
 *(.ARM.extab* .gnu.linkonce.armextab.*)
                0x00000000080059d0                . = ALIGN (0x4)

.ARM            0x00000000080059d0        0x0
                0x00000000080059d0                . = ALIGN (0x4)
                0x00000000080059d0                __exidx_start = .
 *(.ARM.exidx*)
                0x00000000080059d0                __exidx_end = .
                0x00000000080059d0                . = ALIGN (0x4)

.preinit_array  0x00000000080059d0        0x0
                0x00000000080059d0                . = ALIGN (0x4)
                0x00000000080059d0                PROVIDE (__preinit_array_start = .)
 *(.preinit_array*)
                0x00000000080059d0                PROVIDE (__preinit_array_end = .)
                0x00000000080059d0                . = ALIGN (0x4)

.init_array     0x00000000080059d0        0x4
                0x00000000080059d0                . = ALIGN (0x4)
                0x00000000080059d0                PROVIDE (__init_array_start = .)
 *(SORT_BY_NAME(.init_array.*))
 *(.init_array*)
 .init_array    0x00000000080059d0        0x4 c:/st/stm32cubeide_1.9.0/stm32cubeide/plugins/com.st.stm32cube.ide.mcu.externaltools.gnu-tools-for-stm32.10.3-2021.10.win32_1.0.0.202111181127/tools/bin/../lib/gcc/arm-none-eabi/10.3.1/thumb/v7-m/nofp/crtbegin.o
                0x00000000080059d4                PROVIDE (__init_array_end = .)
                0x00000000080059d4                . = ALIGN (0x4)

.fini_array     0x00000000080059d4        0x4
                0x00000000080059d4                . = ALIGN (0x4)
                [!provide]                        PROVIDE (__fini_array_start = .)
 *(SORT_BY_NAME(.fini_array.*))
 *(.fini_array*)
 .fini_array    0x00000000080059d4        0x4 c:/st/stm32cubeide_1.9.0/stm32cubeide/plugins/com.st.stm32cube.ide.mcu.externaltools.gnu-tools-for-stm32.10.3-2021.10.win32_1.0.0.202111181127/tools/bin/../lib/gcc/arm-none-eabi/10.3.1/thumb/v7-m/nofp/crtbegin.o
                [!provide]                        PROVIDE (__fini_array_end = .)
                0x00000000080059d8                . = ALIGN (0x4)
                0x00000000080059d8                _sidata = LOADADDR (.data)

.data           0x0000000020000000       0x78 load address 0x00000000080059d8
                0x0000000020000000                . = ALIGN (0x4)
                0x0000000020000000                _sdata = .
 *(.data)
 *(.data*)
 .data.wifi_state
                0x0000000020000000        0x1 ./Core/Src/esp8266.o
 .data.trans_state
                0x0000000020000001        0x1 ./Core/Src/esp8266.o
 .data.LED_State
                0x0000000020000002        0x1 ./Core/Src/led.o
                0x0000000020000002                LED_State
 *fill*         0x0000000020000003        0x1 
 .data.mqtt_buflen
                0x0000000020000004        0x4 ./Core/Src/mqttclient.o
                0x0000000020000004                mqtt_buflen
 .data.SystemCoreClock
                0x0000000020000008        0x4 ./Core/Src/system_stm32f1xx.o
                0x0000000020000008                SystemCoreClock
 .data.uwTickPrio
                0x000000002000000c        0x4 ./Drivers/STM32F1xx_HAL_Driver/Src/stm32f1xx_hal.o
                0x000000002000000c                uwTickPrio
 .data.uwTickFreq
                0x0000000020000010        0x1 ./Drivers/STM32F1xx_HAL_Driver/Src/stm32f1xx_hal.o
                0x0000000020000010                uwTickFreq
 *fill*         0x0000000020000011        0x3 
 .data._impure_ptr
                0x0000000020000014        0x4 c:/st/stm32cubeide_1.9.0/stm32cubeide/plugins/com.st.stm32cube.ide.mcu.externaltools.gnu-tools-for-stm32.10.3-2021.10.win32_1.0.0.202111181127/tools/bin/../lib/gcc/arm-none-eabi/10.3.1/../../../../arm-none-eabi/lib/thumb/v7-m/nofp\libc_nano.a(lib_a-impure.o)
                0x0000000020000014                _impure_ptr
 .data.impure_data
                0x0000000020000018       0x60 c:/st/stm32cubeide_1.9.0/stm32cubeide/plugins/com.st.stm32cube.ide.mcu.externaltools.gnu-tools-for-stm32.10.3-2021.10.win32_1.0.0.202111181127/tools/bin/../lib/gcc/arm-none-eabi/10.3.1/../../../../arm-none-eabi/lib/thumb/v7-m/nofp\libc_nano.a(lib_a-impure.o)
 *(.RamFunc)
 *(.RamFunc*)
                0x0000000020000078                . = ALIGN (0x4)
                0x0000000020000078                _edata = .

.igot.plt       0x0000000020000078        0x0 load address 0x0000000008005a50
 .igot.plt      0x0000000020000078        0x0 c:/st/stm32cubeide_1.9.0/stm32cubeide/plugins/com.st.stm32cube.ide.mcu.externaltools.gnu-tools-for-stm32.10.3-2021.10.win32_1.0.0.202111181127/tools/bin/../lib/gcc/arm-none-eabi/10.3.1/thumb/v7-m/nofp/crtbegin.o
                0x0000000020000078                . = ALIGN (0x4)

.bss            0x0000000020000078     0x1154 load address 0x0000000008005a50
                0x0000000020000078                _sbss = .
                0x0000000020000078                __bss_start__ = _sbss
 *(.bss)
 .bss           0x0000000020000078       0x1c c:/st/stm32cubeide_1.9.0/stm32cubeide/plugins/com.st.stm32cube.ide.mcu.externaltools.gnu-tools-for-stm32.10.3-2021.10.win32_1.0.0.202111181127/tools/bin/../lib/gcc/arm-none-eabi/10.3.1/thumb/v7-m/nofp/crtbegin.o
 *(.bss*)
 .bss.bufptr    0x0000000020000094        0x4 ./Core/Src/MQTTPacket.o
 .bss.wifi_config_step
                0x0000000020000098        0x1 ./Core/Src/esp8266.o
 .bss.retry_count
                0x0000000020000099        0x1 ./Core/Src/main.o
                0x0000000020000099                retry_count
 *fill*         0x000000002000009a        0x2 
 .bss.mqtt_PacketBuf
                0x000000002000009c      0x400 ./Core/Src/mqttclient.o
                0x000000002000009c                mqtt_PacketBuf
 .bss.__sbrk_heap_end
                0x000000002000049c        0x4 ./Core/Src/sysmem.o
 .bss.htim2     0x00000000200004a0       0x48 ./Core/Src/tim.o
                0x00000000200004a0                htim2
 .bss.USART1_TxBUF
                0x00000000200004e8      0x400 ./Core/Src/usart.o
                0x00000000200004e8                USART1_TxBUF
 .bss.USART2_TxBUF
                0x00000000200008e8      0x400 ./Core/Src/usart.o
                0x00000000200008e8                USART2_TxBUF
 .bss.USART2_RxBUF
                0x0000000020000ce8      0x400 ./Core/Src/usart.o
                0x0000000020000ce8                USART2_RxBUF
 .bss.USART2_RxLen
                0x00000000200010e8        0x1 ./Core/Src/usart.o
                0x00000000200010e8                USART2_RxLen
 .bss.USART2_RecvEndFlag
                0x00000000200010e9        0x1 ./Core/Src/usart.o
                0x00000000200010e9                USART2_RecvEndFlag
 *fill*         0x00000000200010ea        0x2 
 .bss.huart1    0x00000000200010ec       0x44 ./Core/Src/usart.o
                0x00000000200010ec                huart1
 .bss.huart2    0x0000000020001130       0x44 ./Core/Src/usart.o
                0x0000000020001130                huart2
 .bss.hdma_usart2_rx
                0x0000000020001174       0x44 ./Core/Src/usart.o
                0x0000000020001174                hdma_usart2_rx
 .bss.uwTick    0x00000000200011b8        0x4 ./Drivers/STM32F1xx_HAL_Driver/Src/stm32f1xx_hal.o
                0x00000000200011b8                uwTick
 .bss.__malloc_free_list
                0x00000000200011bc        0x4 c:/st/stm32cubeide_1.9.0/stm32cubeide/plugins/com.st.stm32cube.ide.mcu.externaltools.gnu-tools-for-stm32.10.3-2021.10.win32_1.0.0.202111181127/tools/bin/../lib/gcc/arm-none-eabi/10.3.1/../../../../arm-none-eabi/lib/thumb/v7-m/nofp\libc_nano.a(lib_a-nano-mallocr.o)
                0x00000000200011bc                __malloc_free_list
 .bss.__malloc_sbrk_start
                0x00000000200011c0        0x4 c:/st/stm32cubeide_1.9.0/stm32cubeide/plugins/com.st.stm32cube.ide.mcu.externaltools.gnu-tools-for-stm32.10.3-2021.10.win32_1.0.0.202111181127/tools/bin/../lib/gcc/arm-none-eabi/10.3.1/../../../../arm-none-eabi/lib/thumb/v7-m/nofp\libc_nano.a(lib_a-nano-mallocr.o)
                0x00000000200011c0                __malloc_sbrk_start
 .bss.errno     0x00000000200011c4        0x4 c:/st/stm32cubeide_1.9.0/stm32cubeide/plugins/com.st.stm32cube.ide.mcu.externaltools.gnu-tools-for-stm32.10.3-2021.10.win32_1.0.0.202111181127/tools/bin/../lib/gcc/arm-none-eabi/10.3.1/../../../../arm-none-eabi/lib/thumb/v7-m/nofp\libc_nano.a(lib_a-reent.o)
                0x00000000200011c4                errno
 .bss.__lock___malloc_recursive_mutex
                0x00000000200011c8        0x1 c:/st/stm32cubeide_1.9.0/stm32cubeide/plugins/com.st.stm32cube.ide.mcu.externaltools.gnu-tools-for-stm32.10.3-2021.10.win32_1.0.0.202111181127/tools/bin/../lib/gcc/arm-none-eabi/10.3.1/../../../../arm-none-eabi/lib/thumb/v7-m/nofp\libc_nano.a(lib_a-lock.o)
                0x00000000200011c8                __lock___malloc_recursive_mutex
 *(COMMON)
                0x00000000200011cc                . = ALIGN (0x4)
 *fill*         0x00000000200011c9        0x3 
                0x00000000200011cc                _ebss = .
                0x00000000200011cc                __bss_end__ = _ebss

._user_heap_stack
                0x00000000200011cc      0xc04 load address 0x0000000008005a50
                0x00000000200011d0                . = ALIGN (0x8)
 *fill*         0x00000000200011cc        0x4 
                [!provide]                        PROVIDE (end = .)
                0x00000000200011d0                PROVIDE (_end = .)
                0x00000000200015d0                . = (. + _Min_Heap_Size)
 *fill*         0x00000000200011d0      0x400 
                0x0000000020001dd0                . = (. + _Min_Stack_Size)
 *fill*         0x00000000200015d0      0x800 
                0x0000000020001dd0                . = ALIGN (0x8)

/DISCARD/
 libc.a(*)
 libm.a(*)
 libgcc.a(*)

.ARM.attributes
                0x0000000000000000       0x29
 *(.ARM.attributes)
 .ARM.attributes
                0x0000000000000000       0x1d c:/st/stm32cubeide_1.9.0/stm32cubeide/plugins/com.st.stm32cube.ide.mcu.externaltools.gnu-tools-for-stm32.10.3-2021.10.win32_1.0.0.202111181127/tools/bin/../lib/gcc/arm-none-eabi/10.3.1/thumb/v7-m/nofp/crti.o
 .ARM.attributes
                0x000000000000001d       0x2d c:/st/stm32cubeide_1.9.0/stm32cubeide/plugins/com.st.stm32cube.ide.mcu.externaltools.gnu-tools-for-stm32.10.3-2021.10.win32_1.0.0.202111181127/tools/bin/../lib/gcc/arm-none-eabi/10.3.1/thumb/v7-m/nofp/crtbegin.o
 .ARM.attributes
                0x000000000000004a       0x2d ./Core/Src/MQTTConnectClient.o
 .ARM.attributes
                0x0000000000000077       0x2d ./Core/Src/MQTTPacket.o
 .ARM.attributes
                0x00000000000000a4       0x2d ./Core/Src/dma.o
 .ARM.attributes
                0x00000000000000d1       0x2d ./Core/Src/esp8266.o
 .ARM.attributes
                0x00000000000000fe       0x2d ./Core/Src/gpio.o
 .ARM.attributes
                0x000000000000012b       0x2d ./Core/Src/led.o
 .ARM.attributes
                0x0000000000000158       0x2d ./Core/Src/main.o
 .ARM.attributes
                0x0000000000000185       0x2d ./Core/Src/mqttclient.o
 .ARM.attributes
                0x00000000000001b2       0x2d ./Core/Src/stm32f1xx_hal_msp.o
 .ARM.attributes
                0x00000000000001df       0x2d ./Core/Src/stm32f1xx_it.o
 .ARM.attributes
                0x000000000000020c       0x2d ./Core/Src/sysmem.o
 .ARM.attributes
                0x0000000000000239       0x2d ./Core/Src/system_stm32f1xx.o
 .ARM.attributes
                0x0000000000000266       0x2d ./Core/Src/tim.o
 .ARM.attributes
                0x0000000000000293       0x2d ./Core/Src/usart.o
 .ARM.attributes
                0x00000000000002c0       0x21 ./Core/Startup/startup_stm32f103rbtx.o
 .ARM.attributes
                0x00000000000002e1       0x2d ./Drivers/STM32F1xx_HAL_Driver/Src/stm32f1xx_hal.o
 .ARM.attributes
                0x000000000000030e       0x2d ./Drivers/STM32F1xx_HAL_Driver/Src/stm32f1xx_hal_cortex.o
 .ARM.attributes
                0x000000000000033b       0x2d ./Drivers/STM32F1xx_HAL_Driver/Src/stm32f1xx_hal_dma.o
 .ARM.attributes
                0x0000000000000368       0x2d ./Drivers/STM32F1xx_HAL_Driver/Src/stm32f1xx_hal_gpio.o
 .ARM.attributes
                0x0000000000000395       0x2d ./Drivers/STM32F1xx_HAL_Driver/Src/stm32f1xx_hal_rcc.o
 .ARM.attributes
                0x00000000000003c2       0x2d ./Drivers/STM32F1xx_HAL_Driver/Src/stm32f1xx_hal_tim.o
 .ARM.attributes
                0x00000000000003ef       0x2d ./Drivers/STM32F1xx_HAL_Driver/Src/stm32f1xx_hal_tim_ex.o
 .ARM.attributes
                0x000000000000041c       0x2d ./Drivers/STM32F1xx_HAL_Driver/Src/stm32f1xx_hal_uart.o
 .ARM.attributes
                0x0000000000000449       0x2d c:/st/stm32cubeide_1.9.0/stm32cubeide/plugins/com.st.stm32cube.ide.mcu.externaltools.gnu-tools-for-stm32.10.3-2021.10.win32_1.0.0.202111181127/tools/bin/../lib/gcc/arm-none-eabi/10.3.1/../../../../arm-none-eabi/lib/thumb/v7-m/nofp\libc_nano.a(lib_a-errno.o)
 .ARM.attributes
                0x0000000000000476       0x2d c:/st/stm32cubeide_1.9.0/stm32cubeide/plugins/com.st.stm32cube.ide.mcu.externaltools.gnu-tools-for-stm32.10.3-2021.10.win32_1.0.0.202111181127/tools/bin/../lib/gcc/arm-none-eabi/10.3.1/../../../../arm-none-eabi/lib/thumb/v7-m/nofp\libc_nano.a(lib_a-impure.o)
 .ARM.attributes
                0x00000000000004a3       0x2d c:/st/stm32cubeide_1.9.0/stm32cubeide/plugins/com.st.stm32cube.ide.mcu.externaltools.gnu-tools-for-stm32.10.3-2021.10.win32_1.0.0.202111181127/tools/bin/../lib/gcc/arm-none-eabi/10.3.1/../../../../arm-none-eabi/lib/thumb/v7-m/nofp\libc_nano.a(lib_a-init.o)
 .ARM.attributes
                0x00000000000004d0       0x2d c:/st/stm32cubeide_1.9.0/stm32cubeide/plugins/com.st.stm32cube.ide.mcu.externaltools.gnu-tools-for-stm32.10.3-2021.10.win32_1.0.0.202111181127/tools/bin/../lib/gcc/arm-none-eabi/10.3.1/../../../../arm-none-eabi/lib/thumb/v7-m/nofp\libc_nano.a(lib_a-malloc.o)
 .ARM.attributes
                0x00000000000004fd       0x2d c:/st/stm32cubeide_1.9.0/stm32cubeide/plugins/com.st.stm32cube.ide.mcu.externaltools.gnu-tools-for-stm32.10.3-2021.10.win32_1.0.0.202111181127/tools/bin/../lib/gcc/arm-none-eabi/10.3.1/../../../../arm-none-eabi/lib/thumb/v7-m/nofp\libc_nano.a(lib_a-memcpy-stub.o)
 .ARM.attributes
                0x000000000000052a       0x2d c:/st/stm32cubeide_1.9.0/stm32cubeide/plugins/com.st.stm32cube.ide.mcu.externaltools.gnu-tools-for-stm32.10.3-2021.10.win32_1.0.0.202111181127/tools/bin/../lib/gcc/arm-none-eabi/10.3.1/../../../../arm-none-eabi/lib/thumb/v7-m/nofp\libc_nano.a(lib_a-memset.o)
 .ARM.attributes
                0x0000000000000557       0x2d c:/st/stm32cubeide_1.9.0/stm32cubeide/plugins/com.st.stm32cube.ide.mcu.externaltools.gnu-tools-for-stm32.10.3-2021.10.win32_1.0.0.202111181127/tools/bin/../lib/gcc/arm-none-eabi/10.3.1/../../../../arm-none-eabi/lib/thumb/v7-m/nofp\libc_nano.a(lib_a-nano-freer.o)
 .ARM.attributes
                0x0000000000000584       0x2d c:/st/stm32cubeide_1.9.0/stm32cubeide/plugins/com.st.stm32cube.ide.mcu.externaltools.gnu-tools-for-stm32.10.3-2021.10.win32_1.0.0.202111181127/tools/bin/../lib/gcc/arm-none-eabi/10.3.1/../../../../arm-none-eabi/lib/thumb/v7-m/nofp\libc_nano.a(lib_a-nano-mallocr.o)
 .ARM.attributes
                0x00000000000005b1       0x2d c:/st/stm32cubeide_1.9.0/stm32cubeide/plugins/com.st.stm32cube.ide.mcu.externaltools.gnu-tools-for-stm32.10.3-2021.10.win32_1.0.0.202111181127/tools/bin/../lib/gcc/arm-none-eabi/10.3.1/../../../../arm-none-eabi/lib/thumb/v7-m/nofp\libc_nano.a(lib_a-sbrkr.o)
 .ARM.attributes
                0x00000000000005de       0x2d c:/st/stm32cubeide_1.9.0/stm32cubeide/plugins/com.st.stm32cube.ide.mcu.externaltools.gnu-tools-for-stm32.10.3-2021.10.win32_1.0.0.202111181127/tools/bin/../lib/gcc/arm-none-eabi/10.3.1/../../../../arm-none-eabi/lib/thumb/v7-m/nofp\libc_nano.a(lib_a-sprintf.o)
 .ARM.attributes
                0x000000000000060b       0x17 c:/st/stm32cubeide_1.9.0/stm32cubeide/plugins/com.st.stm32cube.ide.mcu.externaltools.gnu-tools-for-stm32.10.3-2021.10.win32_1.0.0.202111181127/tools/bin/../lib/gcc/arm-none-eabi/10.3.1/../../../../arm-none-eabi/lib/thumb/v7-m/nofp\libc_nano.a(lib_a-strlen.o)
 .ARM.attributes
                0x0000000000000622       0x2d c:/st/stm32cubeide_1.9.0/stm32cubeide/plugins/com.st.stm32cube.ide.mcu.externaltools.gnu-tools-for-stm32.10.3-2021.10.win32_1.0.0.202111181127/tools/bin/../lib/gcc/arm-none-eabi/10.3.1/../../../../arm-none-eabi/lib/thumb/v7-m/nofp\libc_nano.a(lib_a-strstr.o)
 .ARM.attributes
                0x000000000000064f       0x2d c:/st/stm32cubeide_1.9.0/stm32cubeide/plugins/com.st.stm32cube.ide.mcu.externaltools.gnu-tools-for-stm32.10.3-2021.10.win32_1.0.0.202111181127/tools/bin/../lib/gcc/arm-none-eabi/10.3.1/../../../../arm-none-eabi/lib/thumb/v7-m/nofp\libc_nano.a(lib_a-vsprintf.o)
 .ARM.attributes
                0x000000000000067c       0x2d c:/st/stm32cubeide_1.9.0/stm32cubeide/plugins/com.st.stm32cube.ide.mcu.externaltools.gnu-tools-for-stm32.10.3-2021.10.win32_1.0.0.202111181127/tools/bin/../lib/gcc/arm-none-eabi/10.3.1/../../../../arm-none-eabi/lib/thumb/v7-m/nofp\libc_nano.a(lib_a-mlock.o)
 .ARM.attributes
                0x00000000000006a9       0x2d c:/st/stm32cubeide_1.9.0/stm32cubeide/plugins/com.st.stm32cube.ide.mcu.externaltools.gnu-tools-for-stm32.10.3-2021.10.win32_1.0.0.202111181127/tools/bin/../lib/gcc/arm-none-eabi/10.3.1/../../../../arm-none-eabi/lib/thumb/v7-m/nofp\libc_nano.a(lib_a-nano-svfprintf.o)
 .ARM.attributes
                0x00000000000006d6       0x2d c:/st/stm32cubeide_1.9.0/stm32cubeide/plugins/com.st.stm32cube.ide.mcu.externaltools.gnu-tools-for-stm32.10.3-2021.10.win32_1.0.0.202111181127/tools/bin/../lib/gcc/arm-none-eabi/10.3.1/../../../../arm-none-eabi/lib/thumb/v7-m/nofp\libc_nano.a(lib_a-nano-vfprintf_i.o)
 .ARM.attributes
                0x0000000000000703       0x2d c:/st/stm32cubeide_1.9.0/stm32cubeide/plugins/com.st.stm32cube.ide.mcu.externaltools.gnu-tools-for-stm32.10.3-2021.10.win32_1.0.0.202111181127/tools/bin/../lib/gcc/arm-none-eabi/10.3.1/../../../../arm-none-eabi/lib/thumb/v7-m/nofp\libc_nano.a(lib_a-reent.o)
 .ARM.attributes
                0x0000000000000730       0x2d c:/st/stm32cubeide_1.9.0/stm32cubeide/plugins/com.st.stm32cube.ide.mcu.externaltools.gnu-tools-for-stm32.10.3-2021.10.win32_1.0.0.202111181127/tools/bin/../lib/gcc/arm-none-eabi/10.3.1/../../../../arm-none-eabi/lib/thumb/v7-m/nofp\libc_nano.a(lib_a-lock.o)
 .ARM.attributes
                0x000000000000075d       0x2d c:/st/stm32cubeide_1.9.0/stm32cubeide/plugins/com.st.stm32cube.ide.mcu.externaltools.gnu-tools-for-stm32.10.3-2021.10.win32_1.0.0.202111181127/tools/bin/../lib/gcc/arm-none-eabi/10.3.1/../../../../arm-none-eabi/lib/thumb/v7-m/nofp\libc_nano.a(lib_a-memchr-stub.o)
 .ARM.attributes
                0x000000000000078a       0x2d c:/st/stm32cubeide_1.9.0/stm32cubeide/plugins/com.st.stm32cube.ide.mcu.externaltools.gnu-tools-for-stm32.10.3-2021.10.win32_1.0.0.202111181127/tools/bin/../lib/gcc/arm-none-eabi/10.3.1/../../../../arm-none-eabi/lib/thumb/v7-m/nofp\libc_nano.a(lib_a-memmove.o)
 .ARM.attributes
                0x00000000000007b7       0x2d c:/st/stm32cubeide_1.9.0/stm32cubeide/plugins/com.st.stm32cube.ide.mcu.externaltools.gnu-tools-for-stm32.10.3-2021.10.win32_1.0.0.202111181127/tools/bin/../lib/gcc/arm-none-eabi/10.3.1/../../../../arm-none-eabi/lib/thumb/v7-m/nofp\libc_nano.a(lib_a-nano-reallocr.o)
 .ARM.attributes
                0x00000000000007e4       0x2d c:/st/stm32cubeide_1.9.0/stm32cubeide/plugins/com.st.stm32cube.ide.mcu.externaltools.gnu-tools-for-stm32.10.3-2021.10.win32_1.0.0.202111181127/tools/bin/../lib/gcc/arm-none-eabi/10.3.1/../../../../arm-none-eabi/lib/thumb/v7-m/nofp\libc_nano.a(lib_a-nano-msizer.o)
 .ARM.attributes
                0x0000000000000811       0x1d c:/st/stm32cubeide_1.9.0/stm32cubeide/plugins/com.st.stm32cube.ide.mcu.externaltools.gnu-tools-for-stm32.10.3-2021.10.win32_1.0.0.202111181127/tools/bin/../lib/gcc/arm-none-eabi/10.3.1/thumb/v7-m/nofp/crtn.o
OUTPUT(mqtt_test_stand.elf elf32-littlearm)
LOAD linker stubs
LOAD c:/st/stm32cubeide_1.9.0/stm32cubeide/plugins/com.st.stm32cube.ide.mcu.externaltools.gnu-tools-for-stm32.10.3-2021.10.win32_1.0.0.202111181127/tools/bin/../lib/gcc/arm-none-eabi/10.3.1/../../../../arm-none-eabi/lib/thumb/v7-m/nofp\libc.a
LOAD c:/st/stm32cubeide_1.9.0/stm32cubeide/plugins/com.st.stm32cube.ide.mcu.externaltools.gnu-tools-for-stm32.10.3-2021.10.win32_1.0.0.202111181127/tools/bin/../lib/gcc/arm-none-eabi/10.3.1/../../../../arm-none-eabi/lib/thumb/v7-m/nofp\libm.a
LOAD c:/st/stm32cubeide_1.9.0/stm32cubeide/plugins/com.st.stm32cube.ide.mcu.externaltools.gnu-tools-for-stm32.10.3-2021.10.win32_1.0.0.202111181127/tools/bin/../lib/gcc/arm-none-eabi/10.3.1/thumb/v7-m/nofp\libgcc.a

.debug_info     0x0000000000000000     0xd28f
 .debug_info    0x0000000000000000      0x75c ./Core/Src/MQTTConnectClient.o
 .debug_info    0x000000000000075c      0x866 ./Core/Src/MQTTPacket.o
 .debug_info    0x0000000000000fc2      0x2e6 ./Core/Src/dma.o
 .debug_info    0x00000000000012a8      0x987 ./Core/Src/esp8266.o
 .debug_info    0x0000000000001c2f      0x30b ./Core/Src/gpio.o
 .debug_info    0x0000000000001f3a      0x22e ./Core/Src/led.o
 .debug_info    0x0000000000002168      0x3d1 ./Core/Src/main.o
 .debug_info    0x0000000000002539      0xa50 ./Core/Src/mqttclient.o
 .debug_info    0x0000000000002f89      0x210 ./Core/Src/stm32f1xx_hal_msp.o
 .debug_info    0x0000000000003199      0x9d8 ./Core/Src/stm32f1xx_it.o
 .debug_info    0x0000000000003b71      0x171 ./Core/Src/sysmem.o
 .debug_info    0x0000000000003ce2      0x23d ./Core/Src/system_stm32f1xx.o
 .debug_info    0x0000000000003f1f      0xa2c ./Core/Src/tim.o
 .debug_info    0x000000000000494b      0xc51 ./Core/Src/usart.o
 .debug_info    0x000000000000559c       0x22 ./Core/Startup/startup_stm32f103rbtx.o
 .debug_info    0x00000000000055be      0x734 ./Drivers/STM32F1xx_HAL_Driver/Src/stm32f1xx_hal.o
 .debug_info    0x0000000000005cf2      0xb20 ./Drivers/STM32F1xx_HAL_Driver/Src/stm32f1xx_hal_cortex.o
 .debug_info    0x0000000000006812      0x73f ./Drivers/STM32F1xx_HAL_Driver/Src/stm32f1xx_hal_dma.o
 .debug_info    0x0000000000006f51      0x615 ./Drivers/STM32F1xx_HAL_Driver/Src/stm32f1xx_hal_gpio.o
 .debug_info    0x0000000000007566      0x860 ./Drivers/STM32F1xx_HAL_Driver/Src/stm32f1xx_hal_rcc.o
 .debug_info    0x0000000000007dc6     0x29de ./Drivers/STM32F1xx_HAL_Driver/Src/stm32f1xx_hal_tim.o
 .debug_info    0x000000000000a7a4     0x1513 ./Drivers/STM32F1xx_HAL_Driver/Src/stm32f1xx_hal_tim_ex.o
 .debug_info    0x000000000000bcb7     0x15d8 ./Drivers/STM32F1xx_HAL_Driver/Src/stm32f1xx_hal_uart.o

.debug_abbrev   0x0000000000000000     0x2975
 .debug_abbrev  0x0000000000000000      0x1d1 ./Core/Src/MQTTConnectClient.o
 .debug_abbrev  0x00000000000001d1      0x2a5 ./Core/Src/MQTTPacket.o
 .debug_abbrev  0x0000000000000476       0xf8 ./Core/Src/dma.o
 .debug_abbrev  0x000000000000056e      0x215 ./Core/Src/esp8266.o
 .debug_abbrev  0x0000000000000783      0x134 ./Core/Src/gpio.o
 .debug_abbrev  0x00000000000008b7      0x142 ./Core/Src/led.o
 .debug_abbrev  0x00000000000009f9      0x1c5 ./Core/Src/main.o
 .debug_abbrev  0x0000000000000bbe      0x24f ./Core/Src/mqttclient.o
 .debug_abbrev  0x0000000000000e0d       0xd4 ./Core/Src/stm32f1xx_hal_msp.o
 .debug_abbrev  0x0000000000000ee1      0x184 ./Core/Src/stm32f1xx_it.o
 .debug_abbrev  0x0000000000001065       0xbb ./Core/Src/sysmem.o
 .debug_abbrev  0x0000000000001120      0x13b ./Core/Src/system_stm32f1xx.o
 .debug_abbrev  0x000000000000125b      0x213 ./Core/Src/tim.o
 .debug_abbrev  0x000000000000146e      0x272 ./Core/Src/usart.o
 .debug_abbrev  0x00000000000016e0       0x12 ./Core/Startup/startup_stm32f103rbtx.o
 .debug_abbrev  0x00000000000016f2      0x1fb ./Drivers/STM32F1xx_HAL_Driver/Src/stm32f1xx_hal.o
 .debug_abbrev  0x00000000000018ed      0x2ed ./Drivers/STM32F1xx_HAL_Driver/Src/stm32f1xx_hal_cortex.o
 .debug_abbrev  0x0000000000001bda      0x1fe ./Drivers/STM32F1xx_HAL_Driver/Src/stm32f1xx_hal_dma.o
 .debug_abbrev  0x0000000000001dd8      0x1bb ./Drivers/STM32F1xx_HAL_Driver/Src/stm32f1xx_hal_gpio.o
 .debug_abbrev  0x0000000000001f93      0x2a8 ./Drivers/STM32F1xx_HAL_Driver/Src/stm32f1xx_hal_rcc.o
 .debug_abbrev  0x000000000000223b      0x25d ./Drivers/STM32F1xx_HAL_Driver/Src/stm32f1xx_hal_tim.o
 .debug_abbrev  0x0000000000002498      0x265 ./Drivers/STM32F1xx_HAL_Driver/Src/stm32f1xx_hal_tim_ex.o
 .debug_abbrev  0x00000000000026fd      0x278 ./Drivers/STM32F1xx_HAL_Driver/Src/stm32f1xx_hal_uart.o

.debug_aranges  0x0000000000000000      0xe30
 .debug_aranges
                0x0000000000000000       0x48 ./Core/Src/MQTTConnectClient.o
 .debug_aranges
                0x0000000000000048       0xa8 ./Core/Src/MQTTPacket.o
 .debug_aranges
                0x00000000000000f0       0x20 ./Core/Src/dma.o
 .debug_aranges
                0x0000000000000110       0x48 ./Core/Src/esp8266.o
 .debug_aranges
                0x0000000000000158       0x20 ./Core/Src/gpio.o
 .debug_aranges
                0x0000000000000178       0x38 ./Core/Src/led.o
 .debug_aranges
                0x00000000000001b0       0x30 ./Core/Src/main.o
 .debug_aranges
                0x00000000000001e0       0x40 ./Core/Src/mqttclient.o
 .debug_aranges
                0x0000000000000220       0x20 ./Core/Src/stm32f1xx_hal_msp.o
 .debug_aranges
                0x0000000000000240       0x80 ./Core/Src/stm32f1xx_it.o
 .debug_aranges
                0x00000000000002c0       0x20 ./Core/Src/sysmem.o
 .debug_aranges
                0x00000000000002e0       0x28 ./Core/Src/system_stm32f1xx.o
 .debug_aranges
                0x0000000000000308       0x38 ./Core/Src/tim.o
 .debug_aranges
                0x0000000000000340       0x48 ./Core/Src/usart.o
 .debug_aranges
                0x0000000000000388       0x28 ./Core/Startup/startup_stm32f103rbtx.o
 .debug_aranges
                0x00000000000003b0       0xe0 ./Drivers/STM32F1xx_HAL_Driver/Src/stm32f1xx_hal.o
 .debug_aranges
                0x0000000000000490      0x100 ./Drivers/STM32F1xx_HAL_Driver/Src/stm32f1xx_hal_cortex.o
 .debug_aranges
                0x0000000000000590       0x80 ./Drivers/STM32F1xx_HAL_Driver/Src/stm32f1xx_hal_dma.o
 .debug_aranges
                0x0000000000000610       0x58 ./Drivers/STM32F1xx_HAL_Driver/Src/stm32f1xx_hal_gpio.o
 .debug_aranges
                0x0000000000000668       0x90 ./Drivers/STM32F1xx_HAL_Driver/Src/stm32f1xx_hal_rcc.o
 .debug_aranges
                0x00000000000006f8      0x3d0 ./Drivers/STM32F1xx_HAL_Driver/Src/stm32f1xx_hal_tim.o
 .debug_aranges
                0x0000000000000ac8      0x168 ./Drivers/STM32F1xx_HAL_Driver/Src/stm32f1xx_hal_tim_ex.o
 .debug_aranges
                0x0000000000000c30      0x200 ./Drivers/STM32F1xx_HAL_Driver/Src/stm32f1xx_hal_uart.o

.debug_ranges   0x0000000000000000      0xd28
 .debug_ranges  0x0000000000000000       0x38 ./Core/Src/MQTTConnectClient.o
 .debug_ranges  0x0000000000000038       0xc8 ./Core/Src/MQTTPacket.o
 .debug_ranges  0x0000000000000100       0x10 ./Core/Src/dma.o
 .debug_ranges  0x0000000000000110       0x38 ./Core/Src/esp8266.o
 .debug_ranges  0x0000000000000148       0x10 ./Core/Src/gpio.o
 .debug_ranges  0x0000000000000158       0x28 ./Core/Src/led.o
 .debug_ranges  0x0000000000000180       0x20 ./Core/Src/main.o
 .debug_ranges  0x00000000000001a0       0x30 ./Core/Src/mqttclient.o
 .debug_ranges  0x00000000000001d0       0x10 ./Core/Src/stm32f1xx_hal_msp.o
 .debug_ranges  0x00000000000001e0       0x70 ./Core/Src/stm32f1xx_it.o
 .debug_ranges  0x0000000000000250       0x10 ./Core/Src/sysmem.o
 .debug_ranges  0x0000000000000260       0x18 ./Core/Src/system_stm32f1xx.o
 .debug_ranges  0x0000000000000278       0x28 ./Core/Src/tim.o
 .debug_ranges  0x00000000000002a0       0x38 ./Core/Src/usart.o
 .debug_ranges  0x00000000000002d8       0x20 ./Core/Startup/startup_stm32f103rbtx.o
 .debug_ranges  0x00000000000002f8       0xd0 ./Drivers/STM32F1xx_HAL_Driver/Src/stm32f1xx_hal.o
 .debug_ranges  0x00000000000003c8       0xf0 ./Drivers/STM32F1xx_HAL_Driver/Src/stm32f1xx_hal_cortex.o
 .debug_ranges  0x00000000000004b8       0x70 ./Drivers/STM32F1xx_HAL_Driver/Src/stm32f1xx_hal_dma.o
 .debug_ranges  0x0000000000000528       0x48 ./Drivers/STM32F1xx_HAL_Driver/Src/stm32f1xx_hal_gpio.o
 .debug_ranges  0x0000000000000570       0x80 ./Drivers/STM32F1xx_HAL_Driver/Src/stm32f1xx_hal_rcc.o
 .debug_ranges  0x00000000000005f0      0x3c0 ./Drivers/STM32F1xx_HAL_Driver/Src/stm32f1xx_hal_tim.o
 .debug_ranges  0x00000000000009b0      0x158 ./Drivers/STM32F1xx_HAL_Driver/Src/stm32f1xx_hal_tim_ex.o
 .debug_ranges  0x0000000000000b08      0x220 ./Drivers/STM32F1xx_HAL_Driver/Src/stm32f1xx_hal_uart.o

.debug_macro    0x0000000000000000    0x1987a
 .debug_macro   0x0000000000000000      0x21c ./Core/Src/MQTTConnectClient.o
 .debug_macro   0x000000000000021c      0xa6c ./Core/Src/MQTTConnectClient.o
 .debug_macro   0x0000000000000c88       0x1c ./Core/Src/MQTTConnectClient.o
 .debug_macro   0x0000000000000ca4       0x17 ./Core/Src/MQTTConnectClient.o
 .debug_macro   0x0000000000000cbb       0x22 ./Core/Src/MQTTConnectClient.o
 .debug_macro   0x0000000000000cdd       0x4c ./Core/Src/MQTTConnectClient.o
 .debug_macro   0x0000000000000d29       0x18 ./Core/Src/MQTTConnectClient.o
 .debug_macro   0x0000000000000d41       0x94 ./Core/Src/MQTTConnectClient.o
 .debug_macro   0x0000000000000dd5       0x3c ./Core/Src/MQTTConnectClient.o
 .debug_macro   0x0000000000000e11       0x34 ./Core/Src/MQTTConnectClient.o
 .debug_macro   0x0000000000000e45       0x16 ./Core/Src/MQTTConnectClient.o
 .debug_macro   0x0000000000000e5b       0x57 ./Core/Src/MQTTConnectClient.o
 .debug_macro   0x0000000000000eb2       0x97 ./Core/Src/MQTTConnectClient.o
 .debug_macro   0x0000000000000f49      0x341 ./Core/Src/MQTTConnectClient.o
 .debug_macro   0x000000000000128a       0xfd ./Core/Src/MQTTConnectClient.o
 .debug_macro   0x0000000000001387       0x10 ./Core/Src/MQTTConnectClient.o
 .debug_macro   0x0000000000001397       0x16 ./Core/Src/MQTTConnectClient.o
 .debug_macro   0x00000000000013ad       0x43 ./Core/Src/MQTTConnectClient.o
 .debug_macro   0x00000000000013f0       0x34 ./Core/Src/MQTTConnectClient.o
 .debug_macro   0x0000000000001424       0x10 ./Core/Src/MQTTConnectClient.o
 .debug_macro   0x0000000000001434       0x58 ./Core/Src/MQTTConnectClient.o
 .debug_macro   0x000000000000148c       0x71 ./Core/Src/MQTTConnectClient.o
 .debug_macro   0x00000000000014fd       0x1c ./Core/Src/MQTTConnectClient.o
 .debug_macro   0x0000000000001519      0x12a ./Core/Src/MQTTConnectClient.o
 .debug_macro   0x0000000000001643       0x10 ./Core/Src/MQTTConnectClient.o
 .debug_macro   0x0000000000001653       0x6a ./Core/Src/MQTTConnectClient.o
 .debug_macro   0x00000000000016bd       0x1c ./Core/Src/MQTTConnectClient.o
 .debug_macro   0x00000000000016d9       0x52 ./Core/Src/MQTTConnectClient.o
 .debug_macro   0x000000000000172b       0x22 ./Core/Src/MQTTConnectClient.o
 .debug_macro   0x000000000000174d       0x10 ./Core/Src/MQTTConnectClient.o
 .debug_macro   0x000000000000175d       0x52 ./Core/Src/MQTTConnectClient.o
 .debug_macro   0x00000000000017af       0xd5 ./Core/Src/MQTTConnectClient.o
 .debug_macro   0x0000000000001884       0x1c ./Core/Src/MQTTConnectClient.o
 .debug_macro   0x00000000000018a0       0x3d ./Core/Src/MQTTConnectClient.o
 .debug_macro   0x00000000000018dd       0x16 ./Core/Src/MQTTConnectClient.o
 .debug_macro   0x00000000000018f3      0x145 ./Core/Src/MQTTConnectClient.o
 .debug_macro   0x0000000000001a38       0x4c ./Core/Src/MQTTConnectClient.o
 .debug_macro   0x0000000000001a84       0x16 ./Core/Src/MQTTConnectClient.o
 .debug_macro   0x0000000000001a9a       0x35 ./Core/Src/MQTTConnectClient.o
 .debug_macro   0x0000000000001acf       0x20 ./Core/Src/MQTTConnectClient.o
 .debug_macro   0x0000000000001aef      0x222 ./Core/Src/MQTTPacket.o
 .debug_macro   0x0000000000001d11      0x1bc ./Core/Src/dma.o
 .debug_macro   0x0000000000001ecd      0x221 ./Core/Src/dma.o
 .debug_macro   0x00000000000020ee       0x2e ./Core/Src/dma.o
 .debug_macro   0x000000000000211c       0x22 ./Core/Src/dma.o
 .debug_macro   0x000000000000213e       0x8e ./Core/Src/dma.o
 .debug_macro   0x00000000000021cc       0x51 ./Core/Src/dma.o
 .debug_macro   0x000000000000221d      0x103 ./Core/Src/dma.o
 .debug_macro   0x0000000000002320      0x1df ./Core/Src/dma.o
 .debug_macro   0x00000000000024ff       0x1c ./Core/Src/dma.o
 .debug_macro   0x000000000000251b       0x22 ./Core/Src/dma.o
 .debug_macro   0x000000000000253d       0xbd ./Core/Src/dma.o
 .debug_macro   0x00000000000025fa      0xd23 ./Core/Src/dma.o
 .debug_macro   0x000000000000331d     0xe09e ./Core/Src/dma.o
 .debug_macro   0x00000000000113bb       0x6d ./Core/Src/dma.o
 .debug_macro   0x0000000000011428     0x3468 ./Core/Src/dma.o
 .debug_macro   0x0000000000014890      0x174 ./Core/Src/dma.o
 .debug_macro   0x0000000000014a04       0x5c ./Core/Src/dma.o
 .debug_macro   0x0000000000014a60      0x5be ./Core/Src/dma.o
 .debug_macro   0x000000000001501e      0x289 ./Core/Src/dma.o
 .debug_macro   0x00000000000152a7      0x1cb ./Core/Src/dma.o
 .debug_macro   0x0000000000015472      0x114 ./Core/Src/dma.o
 .debug_macro   0x0000000000015586      0x1b2 ./Core/Src/dma.o
 .debug_macro   0x0000000000015738       0x27 ./Core/Src/dma.o
 .debug_macro   0x000000000001575f      0x136 ./Core/Src/dma.o
 .debug_macro   0x0000000000015895      0x1bc ./Core/Src/dma.o
 .debug_macro   0x0000000000015a51       0x34 ./Core/Src/dma.o
 .debug_macro   0x0000000000015a85       0x3c ./Core/Src/dma.o
 .debug_macro   0x0000000000015ac1       0x57 ./Core/Src/dma.o
 .debug_macro   0x0000000000015b18       0x88 ./Core/Src/dma.o
 .debug_macro   0x0000000000015ba0      0x241 ./Core/Src/dma.o
 .debug_macro   0x0000000000015de1      0x141 ./Core/Src/dma.o
 .debug_macro   0x0000000000015f22      0x8d1 ./Core/Src/dma.o
 .debug_macro   0x00000000000167f3      0x279 ./Core/Src/dma.o
 .debug_macro   0x0000000000016a6c       0x83 ./Core/Src/dma.o
 .debug_macro   0x0000000000016aef       0x1c ./Core/Src/dma.o
 .debug_macro   0x0000000000016b0b      0x3a9 ./Core/Src/esp8266.o
 .debug_macro   0x0000000000016eb4       0x4c ./Core/Src/esp8266.o
 .debug_macro   0x0000000000016f00       0x52 ./Core/Src/esp8266.o
 .debug_macro   0x0000000000016f52       0x10 ./Core/Src/esp8266.o
 .debug_macro   0x0000000000016f62       0x16 ./Core/Src/esp8266.o
 .debug_macro   0x0000000000016f78       0x16 ./Core/Src/esp8266.o
 .debug_macro   0x0000000000016f8e       0x29 ./Core/Src/esp8266.o
 .debug_macro   0x0000000000016fb7       0x58 ./Core/Src/esp8266.o
 .debug_macro   0x000000000001700f       0x1c ./Core/Src/esp8266.o
 .debug_macro   0x000000000001702b       0x2e ./Core/Src/esp8266.o
 .debug_macro   0x0000000000017059       0x28 ./Core/Src/esp8266.o
 .debug_macro   0x0000000000017081       0x40 ./Core/Src/esp8266.o
 .debug_macro   0x00000000000170c1      0x1bc ./Core/Src/gpio.o
 .debug_macro   0x000000000001727d      0x1c1 ./Core/Src/led.o
 .debug_macro   0x000000000001743e       0x28 ./Core/Src/led.o
 .debug_macro   0x0000000000017466      0x427 ./Core/Src/main.o
 .debug_macro   0x000000000001788d       0x52 ./Core/Src/main.o
 .debug_macro   0x00000000000178df       0x1c ./Core/Src/main.o
 .debug_macro   0x00000000000178fb      0x414 ./Core/Src/mqttclient.o
 .debug_macro   0x0000000000017d0f       0x4c ./Core/Src/mqttclient.o
 .debug_macro   0x0000000000017d5b      0x1b2 ./Core/Src/stm32f1xx_hal_msp.o
 .debug_macro   0x0000000000017f0d      0x1bc ./Core/Src/stm32f1xx_it.o
 .debug_macro   0x00000000000180c9       0xff ./Core/Src/sysmem.o
 .debug_macro   0x00000000000181c8      0x23b ./Core/Src/sysmem.o
 .debug_macro   0x0000000000018403      0x1a3 ./Core/Src/system_stm32f1xx.o
 .debug_macro   0x00000000000185a6      0x1bc ./Core/Src/tim.o
 .debug_macro   0x0000000000018762      0x35d ./Core/Src/usart.o
 .debug_macro   0x0000000000018abf      0x1c7 ./Drivers/STM32F1xx_HAL_Driver/Src/stm32f1xx_hal.o
 .debug_macro   0x0000000000018c86      0x1a3 ./Drivers/STM32F1xx_HAL_Driver/Src/stm32f1xx_hal_cortex.o
 .debug_macro   0x0000000000018e29      0x1a3 ./Drivers/STM32F1xx_HAL_Driver/Src/stm32f1xx_hal_dma.o
 .debug_macro   0x0000000000018fcc      0x20e ./Drivers/STM32F1xx_HAL_Driver/Src/stm32f1xx_hal_gpio.o
 .debug_macro   0x00000000000191da      0x1b5 ./Drivers/STM32F1xx_HAL_Driver/Src/stm32f1xx_hal_rcc.o
 .debug_macro   0x000000000001938f      0x1a4 ./Drivers/STM32F1xx_HAL_Driver/Src/stm32f1xx_hal_tim.o
 .debug_macro   0x0000000000019533      0x1a3 ./Drivers/STM32F1xx_HAL_Driver/Src/stm32f1xx_hal_tim_ex.o
 .debug_macro   0x00000000000196d6      0x1a4 ./Drivers/STM32F1xx_HAL_Driver/Src/stm32f1xx_hal_uart.o

.debug_line     0x0000000000000000    0x10fc9
 .debug_line    0x0000000000000000      0x816 ./Core/Src/MQTTConnectClient.o
 .debug_line    0x0000000000000816      0xa59 ./Core/Src/MQTTPacket.o
 .debug_line    0x000000000000126f      0x669 ./Core/Src/dma.o
 .debug_line    0x00000000000018d8      0xc69 ./Core/Src/esp8266.o
 .debug_line    0x0000000000002541      0x68b ./Core/Src/gpio.o
 .debug_line    0x0000000000002bcc      0x6d8 ./Core/Src/led.o
 .debug_line    0x00000000000032a4      0xa10 ./Core/Src/main.o
 .debug_line    0x0000000000003cb4      0xa2b ./Core/Src/mqttclient.o
 .debug_line    0x00000000000046df      0x66e ./Core/Src/stm32f1xx_hal_msp.o
 .debug_line    0x0000000000004d4d      0x790 ./Core/Src/stm32f1xx_it.o
 .debug_line    0x00000000000054dd      0x4e5 ./Core/Src/sysmem.o
 .debug_line    0x00000000000059c2      0x6ec ./Core/Src/system_stm32f1xx.o
 .debug_line    0x00000000000060ae      0x6ee ./Core/Src/tim.o
 .debug_line    0x000000000000679c      0xa40 ./Core/Src/usart.o
 .debug_line    0x00000000000071dc       0x87 ./Core/Startup/startup_stm32f103rbtx.o
 .debug_line    0x0000000000007263      0x919 ./Drivers/STM32F1xx_HAL_Driver/Src/stm32f1xx_hal.o
 .debug_line    0x0000000000007b7c      0xb01 ./Drivers/STM32F1xx_HAL_Driver/Src/stm32f1xx_hal_cortex.o
 .debug_line    0x000000000000867d      0xd71 ./Drivers/STM32F1xx_HAL_Driver/Src/stm32f1xx_hal_dma.o
 .debug_line    0x00000000000093ee      0x9b0 ./Drivers/STM32F1xx_HAL_Driver/Src/stm32f1xx_hal_gpio.o
 .debug_line    0x0000000000009d9e      0xd27 ./Drivers/STM32F1xx_HAL_Driver/Src/stm32f1xx_hal_rcc.o
 .debug_line    0x000000000000aac5     0x32cf ./Drivers/STM32F1xx_HAL_Driver/Src/stm32f1xx_hal_tim.o
 .debug_line    0x000000000000dd94     0x1841 ./Drivers/STM32F1xx_HAL_Driver/Src/stm32f1xx_hal_tim_ex.o
 .debug_line    0x000000000000f5d5     0x19f4 ./Drivers/STM32F1xx_HAL_Driver/Src/stm32f1xx_hal_uart.o

.debug_str      0x0000000000000000    0x8b760
 .debug_str     0x0000000000000000     0x7720 ./Core/Src/MQTTConnectClient.o
                                       0x78d8 (size before relaxing)
 .debug_str     0x0000000000007720      0x140 ./Core/Src/MQTTPacket.o
                                       0x77cf (size before relaxing)
 .debug_str     0x0000000000007860    0x7fe8a ./Core/Src/dma.o
                                      0x835c2 (size before relaxing)
 .debug_str     0x00000000000876ea      0xba9 ./Core/Src/esp8266.o
                                      0x87c6d (size before relaxing)
 .debug_str     0x0000000000088293       0x66 ./Core/Src/gpio.o
                                      0x83364 (size before relaxing)
 .debug_str     0x00000000000882f9       0x5a ./Core/Src/led.o
                                      0x83370 (size before relaxing)
 .debug_str     0x0000000000088353      0x24e ./Core/Src/main.o
                                      0x87c31 (size before relaxing)
 .debug_str     0x00000000000885a1       0xd1 ./Core/Src/mqttclient.o
                                      0x8801d (size before relaxing)
 .debug_str     0x0000000000088672       0x5a ./Core/Src/stm32f1xx_hal_msp.o
                                      0x832ec (size before relaxing)
 .debug_str     0x00000000000886cc      0x3ce ./Core/Src/stm32f1xx_it.o
                                      0x83a6e (size before relaxing)
 .debug_str     0x0000000000088a9a      0x4da ./Core/Src/sysmem.o
                                       0x5d53 (size before relaxing)
 .debug_str     0x0000000000088f74       0x7e ./Core/Src/system_stm32f1xx.o
                                      0x832bd (size before relaxing)
 .debug_str     0x0000000000088ff2      0x173 ./Core/Src/tim.o
                                      0x83c30 (size before relaxing)
 .debug_str     0x0000000000089165       0xb2 ./Core/Src/usart.o
                                      0x87b4a (size before relaxing)
 .debug_str     0x0000000000089217       0x36 ./Core/Startup/startup_stm32f103rbtx.o
                                         0x6d (size before relaxing)
 .debug_str     0x000000000008924d      0x384 ./Drivers/STM32F1xx_HAL_Driver/Src/stm32f1xx_hal.o
                                      0x839f0 (size before relaxing)
 .debug_str     0x00000000000895d1      0x294 ./Drivers/STM32F1xx_HAL_Driver/Src/stm32f1xx_hal_cortex.o
                                      0x8393c (size before relaxing)
 .debug_str     0x0000000000089865      0x206 ./Drivers/STM32F1xx_HAL_Driver/Src/stm32f1xx_hal_dma.o
                                      0x83666 (size before relaxing)
 .debug_str     0x0000000000089a6b      0x2e1 ./Drivers/STM32F1xx_HAL_Driver/Src/stm32f1xx_hal_gpio.o
                                      0x83643 (size before relaxing)
 .debug_str     0x0000000000089d4c      0x229 ./Drivers/STM32F1xx_HAL_Driver/Src/stm32f1xx_hal_rcc.o
                                      0x836ec (size before relaxing)
 .debug_str     0x0000000000089f75      0xdb9 ./Drivers/STM32F1xx_HAL_Driver/Src/stm32f1xx_hal_tim.o
                                      0x846d7 (size before relaxing)
 .debug_str     0x000000000008ad2e      0x493 ./Drivers/STM32F1xx_HAL_Driver/Src/stm32f1xx_hal_tim_ex.o
                                      0x83ef3 (size before relaxing)
 .debug_str     0x000000000008b1c1      0x59f ./Drivers/STM32F1xx_HAL_Driver/Src/stm32f1xx_hal_uart.o
                                      0x83cf7 (size before relaxing)

.comment        0x0000000000000000       0x50
 .comment       0x0000000000000000       0x50 ./Core/Src/MQTTConnectClient.o
                                         0x51 (size before relaxing)
 .comment       0x0000000000000050       0x51 ./Core/Src/MQTTPacket.o
 .comment       0x0000000000000050       0x51 ./Core/Src/dma.o
 .comment       0x0000000000000050       0x51 ./Core/Src/esp8266.o
 .comment       0x0000000000000050       0x51 ./Core/Src/gpio.o
 .comment       0x0000000000000050       0x51 ./Core/Src/led.o
 .comment       0x0000000000000050       0x51 ./Core/Src/main.o
 .comment       0x0000000000000050       0x51 ./Core/Src/mqttclient.o
 .comment       0x0000000000000050       0x51 ./Core/Src/stm32f1xx_hal_msp.o
 .comment       0x0000000000000050       0x51 ./Core/Src/stm32f1xx_it.o
 .comment       0x0000000000000050       0x51 ./Core/Src/sysmem.o
 .comment       0x0000000000000050       0x51 ./Core/Src/system_stm32f1xx.o
 .comment       0x0000000000000050       0x51 ./Core/Src/tim.o
 .comment       0x0000000000000050       0x51 ./Core/Src/usart.o
 .comment       0x0000000000000050       0x51 ./Drivers/STM32F1xx_HAL_Driver/Src/stm32f1xx_hal.o
 .comment       0x0000000000000050       0x51 ./Drivers/STM32F1xx_HAL_Driver/Src/stm32f1xx_hal_cortex.o
 .comment       0x0000000000000050       0x51 ./Drivers/STM32F1xx_HAL_Driver/Src/stm32f1xx_hal_dma.o
 .comment       0x0000000000000050       0x51 ./Drivers/STM32F1xx_HAL_Driver/Src/stm32f1xx_hal_gpio.o
 .comment       0x0000000000000050       0x51 ./Drivers/STM32F1xx_HAL_Driver/Src/stm32f1xx_hal_rcc.o
 .comment       0x0000000000000050       0x51 ./Drivers/STM32F1xx_HAL_Driver/Src/stm32f1xx_hal_tim.o
 .comment       0x0000000000000050       0x51 ./Drivers/STM32F1xx_HAL_Driver/Src/stm32f1xx_hal_tim_ex.o
 .comment       0x0000000000000050       0x51 ./Drivers/STM32F1xx_HAL_Driver/Src/stm32f1xx_hal_uart.o

.debug_frame    0x0000000000000000     0x3d88
 .debug_frame   0x0000000000000000       0xec ./Core/Src/MQTTConnectClient.o
 .debug_frame   0x00000000000000ec      0x2b8 ./Core/Src/MQTTPacket.o
 .debug_frame   0x00000000000003a4       0x34 ./Core/Src/dma.o
 .debug_frame   0x00000000000003d8       0xec ./Core/Src/esp8266.o
 .debug_frame   0x00000000000004c4       0x34 ./Core/Src/gpio.o
 .debug_frame   0x00000000000004f8       0x88 ./Core/Src/led.o
 .debug_frame   0x0000000000000580       0x68 ./Core/Src/main.o
 .debug_frame   0x00000000000005e8       0xcc ./Core/Src/mqttclient.o
 .debug_frame   0x00000000000006b4       0x38 ./Core/Src/stm32f1xx_hal_msp.o
 .debug_frame   0x00000000000006ec      0x174 ./Core/Src/stm32f1xx_it.o
 .debug_frame   0x0000000000000860       0x34 ./Core/Src/sysmem.o
 .debug_frame   0x0000000000000894       0x58 ./Core/Src/system_stm32f1xx.o
 .debug_frame   0x00000000000008ec       0xa4 ./Core/Src/tim.o
 .debug_frame   0x0000000000000990      0x108 ./Core/Src/usart.o
 .debug_frame   0x0000000000000a98      0x334 ./Drivers/STM32F1xx_HAL_Driver/Src/stm32f1xx_hal.o
 .debug_frame   0x0000000000000dcc      0x428 ./Drivers/STM32F1xx_HAL_Driver/Src/stm32f1xx_hal_cortex.o
 .debug_frame   0x00000000000011f4      0x208 ./Drivers/STM32F1xx_HAL_Driver/Src/stm32f1xx_hal_dma.o
 .debug_frame   0x00000000000013fc      0x14c ./Drivers/STM32F1xx_HAL_Driver/Src/stm32f1xx_hal_gpio.o
 .debug_frame   0x0000000000001548      0x21c ./Drivers/STM32F1xx_HAL_Driver/Src/stm32f1xx_hal_rcc.o
 .debug_frame   0x0000000000001764     0x11b8 ./Drivers/STM32F1xx_HAL_Driver/Src/stm32f1xx_hal_tim.o
 .debug_frame   0x000000000000291c      0x638 ./Drivers/STM32F1xx_HAL_Driver/Src/stm32f1xx_hal_tim_ex.o
 .debug_frame   0x0000000000002f54      0x914 ./Drivers/STM32F1xx_HAL_Driver/Src/stm32f1xx_hal_uart.o
 .debug_frame   0x0000000000003868       0x20 c:/st/stm32cubeide_1.9.0/stm32cubeide/plugins/com.st.stm32cube.ide.mcu.externaltools.gnu-tools-for-stm32.10.3-2021.10.win32_1.0.0.202111181127/tools/bin/../lib/gcc/arm-none-eabi/10.3.1/../../../../arm-none-eabi/lib/thumb/v7-m/nofp\libc_nano.a(lib_a-errno.o)
 .debug_frame   0x0000000000003888       0x2c c:/st/stm32cubeide_1.9.0/stm32cubeide/plugins/com.st.stm32cube.ide.mcu.externaltools.gnu-tools-for-stm32.10.3-2021.10.win32_1.0.0.202111181127/tools/bin/../lib/gcc/arm-none-eabi/10.3.1/../../../../arm-none-eabi/lib/thumb/v7-m/nofp\libc_nano.a(lib_a-init.o)
 .debug_frame   0x00000000000038b4       0x30 c:/st/stm32cubeide_1.9.0/stm32cubeide/plugins/com.st.stm32cube.ide.mcu.externaltools.gnu-tools-for-stm32.10.3-2021.10.win32_1.0.0.202111181127/tools/bin/../lib/gcc/arm-none-eabi/10.3.1/../../../../arm-none-eabi/lib/thumb/v7-m/nofp\libc_nano.a(lib_a-malloc.o)
 .debug_frame   0x00000000000038e4       0x28 c:/st/stm32cubeide_1.9.0/stm32cubeide/plugins/com.st.stm32cube.ide.mcu.externaltools.gnu-tools-for-stm32.10.3-2021.10.win32_1.0.0.202111181127/tools/bin/../lib/gcc/arm-none-eabi/10.3.1/../../../../arm-none-eabi/lib/thumb/v7-m/nofp\libc_nano.a(lib_a-memcpy-stub.o)
 .debug_frame   0x000000000000390c       0x20 c:/st/stm32cubeide_1.9.0/stm32cubeide/plugins/com.st.stm32cube.ide.mcu.externaltools.gnu-tools-for-stm32.10.3-2021.10.win32_1.0.0.202111181127/tools/bin/../lib/gcc/arm-none-eabi/10.3.1/../../../../arm-none-eabi/lib/thumb/v7-m/nofp\libc_nano.a(lib_a-memset.o)
 .debug_frame   0x000000000000392c       0x38 c:/st/stm32cubeide_1.9.0/stm32cubeide/plugins/com.st.stm32cube.ide.mcu.externaltools.gnu-tools-for-stm32.10.3-2021.10.win32_1.0.0.202111181127/tools/bin/../lib/gcc/arm-none-eabi/10.3.1/../../../../arm-none-eabi/lib/thumb/v7-m/nofp\libc_nano.a(lib_a-nano-freer.o)
 .debug_frame   0x0000000000003964       0x4c c:/st/stm32cubeide_1.9.0/stm32cubeide/plugins/com.st.stm32cube.ide.mcu.externaltools.gnu-tools-for-stm32.10.3-2021.10.win32_1.0.0.202111181127/tools/bin/../lib/gcc/arm-none-eabi/10.3.1/../../../../arm-none-eabi/lib/thumb/v7-m/nofp\libc_nano.a(lib_a-nano-mallocr.o)
 .debug_frame   0x00000000000039b0       0x2c c:/st/stm32cubeide_1.9.0/stm32cubeide/plugins/com.st.stm32cube.ide.mcu.externaltools.gnu-tools-for-stm32.10.3-2021.10.win32_1.0.0.202111181127/tools/bin/../lib/gcc/arm-none-eabi/10.3.1/../../../../arm-none-eabi/lib/thumb/v7-m/nofp\libc_nano.a(lib_a-sbrkr.o)
 .debug_frame   0x00000000000039dc       0x6c c:/st/stm32cubeide_1.9.0/stm32cubeide/plugins/com.st.stm32cube.ide.mcu.externaltools.gnu-tools-for-stm32.10.3-2021.10.win32_1.0.0.202111181127/tools/bin/../lib/gcc/arm-none-eabi/10.3.1/../../../../arm-none-eabi/lib/thumb/v7-m/nofp\libc_nano.a(lib_a-sprintf.o)
 .debug_frame   0x0000000000003a48       0x2c c:/st/stm32cubeide_1.9.0/stm32cubeide/plugins/com.st.stm32cube.ide.mcu.externaltools.gnu-tools-for-stm32.10.3-2021.10.win32_1.0.0.202111181127/tools/bin/../lib/gcc/arm-none-eabi/10.3.1/../../../../arm-none-eabi/lib/thumb/v7-m/nofp\libc_nano.a(lib_a-strstr.o)
 .debug_frame   0x0000000000003a74       0x3c c:/st/stm32cubeide_1.9.0/stm32cubeide/plugins/com.st.stm32cube.ide.mcu.externaltools.gnu-tools-for-stm32.10.3-2021.10.win32_1.0.0.202111181127/tools/bin/../lib/gcc/arm-none-eabi/10.3.1/../../../../arm-none-eabi/lib/thumb/v7-m/nofp\libc_nano.a(lib_a-vsprintf.o)